[2026-08-21 08:38:53Z INFO HostContext] No proxy settings were found based on environmental variables (http_proxy/https_proxy/HTTP_PROXY/HTTPS_PROXY)
[2026-08-21 08:38:53Z INFO HostContext] Well known directory 'Bin': 'D:\Remote-Learning---LUMER\Remote-Learning-LUMER\actions-runner\bin'
[2026-08-21 08:38:53Z INFO HostContext] Well known directory 'Root': 'D:\Remote-Learning---LUMER\Remote-Learning-LUMER\actions-runner'
[2026-08-21 08:38:53Z INFO HostContext] Well known config file 'Credentials': 'D:\Remote-Learning---LUMER\Remote-Learning-LUMER\actions-runner\.credentials'
[2026-08-21 08:38:53Z INFO HostContext] Well known directory 'Bin': 'D:\Remote-Learning---LUMER\Remote-Learning-LUMER\actions-runner\bin'
[2026-08-21 08:38:53Z INFO HostContext] Well known directory 'Root': 'D:\Remote-Learning---LUMER\Remote-Learning-LUMER\actions-runner'
[2026-08-21 08:38:53Z INFO HostContext] Well known config file 'Runner': 'D:\Remote-Learning---LUMER\Remote-Learning-LUMER\actions-runner\.runner'
[2026-08-21 08:38:53Z INFO Listener] Runner is built for Windows (X64) - win-x64.
[2026-08-21 08:38:53Z INFO Listener] RuntimeInformation: Microsoft Windows 10.0.26200.
[2026-08-21 08:38:53Z INFO Listener] Version: 2.336.0
[2026-08-21 08:38:53Z INFO Listener] Commit: 98aabcd429c4e8402406c56ce2d26387fed3b9ce
[2026-08-21 08:38:53Z INFO Listener] Culture: en-US
[2026-08-21 08:38:53Z INFO Listener] UI Culture: en-US
[2026-08-21 08:38:53Z INFO HostContext] Well known directory 'Bin': 'D:\Remote-Learning---LUMER\Remote-Learning-LUMER\actions-runner\bin'
[2026-08-21 08:38:53Z INFO HostContext] Well known directory 'Root': 'D:\Remote-Learning---LUMER\Remote-Learning-LUMER\actions-runner'
[2026-08-21 08:38:53Z INFO Listener] Validating directory permissions for: 'D:\Remote-Learning---LUMER\Remote-Learning-LUMER\actions-runner'
[2026-08-21 08:38:53Z INFO CommandLineParser] Parse
[2026-08-21 08:38:53Z INFO CommandLineParser] Parsing 1 args
[2026-08-21 08:38:53Z INFO CommandLineParser] parsing argument
[2026-08-21 08:38:53Z INFO CommandLineParser] HasArgs: False
[2026-08-21 08:38:53Z INFO CommandLineParser] Adding Command: run
[2026-08-21 08:38:53Z INFO Listener] Arguments parsed
[2026-08-21 08:38:53Z INFO Runner] ExecuteCommand
[2026-08-21 08:38:53Z INFO ConfigurationStore] currentAssemblyLocation: D:\Remote-Learning---LUMER\Remote-Learning-LUMER\actions-runner\bin\Runner.Listener.dll
[2026-08-21 08:38:53Z INFO HostContext] Well known directory 'Bin': 'D:\Remote-Learning---LUMER\Remote-Learning-LUMER\actions-runner\bin'
[2026-08-21 08:38:53Z INFO ConfigurationStore] binPath: D:\Remote-Learning---LUMER\Remote-Learning-LUMER\actions-runner\bin
[2026-08-21 08:38:53Z INFO HostContext] Well known directory 'Bin': 'D:\Remote-Learning---LUMER\Remote-Learning-LUMER\actions-runner\bin'
[2026-08-21 08:38:53Z INFO HostContext] Well known directory 'Root': 'D:\Remote-Learning---LUMER\Remote-Learning-LUMER\actions-runner'
[2026-08-21 08:38:53Z INFO ConfigurationStore] RootFolder: D:\Remote-Learning---LUMER\Remote-Learning-LUMER\actions-runner
[2026-08-21 08:38:53Z INFO HostContext] Well known directory 'Bin': 'D:\Remote-Learning---LUMER\Remote-Learning-LUMER\actions-runner\bin'
[2026-08-21 08:38:53Z INFO HostContext] Well known directory 'Root': 'D:\Remote-Learning---LUMER\Remote-Learning-LUMER\actions-runner'
[2026-08-21 08:38:53Z INFO HostContext] Well known config file 'Runner': 'D:\Remote-Learning---LUMER\Remote-Learning-LUMER\actions-runner\.runner'
[2026-08-21 08:38:53Z INFO ConfigurationStore] ConfigFilePath: D:\Remote-Learning---LUMER\Remote-Learning-LUMER\actions-runner\.runner
[2026-08-21 08:38:53Z INFO HostContext] Well known directory 'Bin': 'D:\Remote-Learning---LUMER\Remote-Learning-LUMER\actions-runner\bin'
[2026-08-21 08:38:53Z INFO HostContext] Well known directory 'Root': 'D:\Remote-Learning---LUMER\Remote-Learning-LUMER\actions-runner'
[2026-08-21 08:38:53Z INFO HostContext] Well known config file 'MigratedRunner': 'D:\Remote-Learning---LUMER\Remote-Learning-LUMER\actions-runner\.runner_migrated'
[2026-08-21 08:38:53Z INFO ConfigurationStore] MigratedConfigFilePath: D:\Remote-Learning---LUMER\Remote-Learning-LUMER\actions-runner\.runner_migrated
[2026-08-21 08:38:53Z INFO HostContext] Well known directory 'Bin': 'D:\Remote-Learning---LUMER\Remote-Learning-LUMER\actions-runner\bin'
[2026-08-21 08:38:53Z INFO HostContext] Well known directory 'Root': 'D:\Remote-Learning---LUMER\Remote-Learning-LUMER\actions-runner'
[2026-08-21 08:38:53Z INFO HostContext] Well known config file 'Credentials': 'D:\Remote-Learning---LUMER\Remote-Learning-LUMER\actions-runner\.credentials'
[2026-08-21 08:38:53Z INFO ConfigurationStore] CredFilePath: D:\Remote-Learning---LUMER\Remote-Learning-LUMER\actions-runner\.credentials
[2026-08-21 08:38:53Z INFO HostContext] Well known directory 'Bin': 'D:\Remote-Learning---LUMER\Remote-Learning-LUMER\actions-runner\bin'
[2026-08-21 08:38:53Z INFO HostContext] Well known directory 'Root': 'D:\Remote-Learning---LUMER\Remote-Learning-LUMER\actions-runner'
[2026-08-21 08:38:53Z INFO HostContext] Well known config file 'MigratedCredentials': 'D:\Remote-Learning---LUMER\Remote-Learning-LUMER\actions-runner\.credentials_migrated'
[2026-08-21 08:38:53Z INFO ConfigurationStore] MigratedCredFilePath: D:\Remote-Learning---LUMER\Remote-Learning-LUMER\actions-runner\.credentials_migrated
[2026-08-21 08:38:53Z INFO HostContext] Well known directory 'Bin': 'D:\Remote-Learning---LUMER\Remote-Learning-LUMER\actions-runner\bin'
[2026-08-21 08:38:53Z INFO HostContext] Well known directory 'Root': 'D:\Remote-Learning---LUMER\Remote-Learning-LUMER\actions-runner'
[2026-08-21 08:38:53Z INFO HostContext] Well known config file 'Service': 'D:\Remote-Learning---LUMER\Remote-Learning-LUMER\actions-runner\.service'
[2026-08-21 08:38:53Z INFO ConfigurationStore] ServiceConfigFilePath: D:\Remote-Learning---LUMER\Remote-Learning-LUMER\actions-runner\.service
[2026-08-21 08:38:53Z INFO CommandSettings] Flag 'help': 'False'
[2026-08-21 08:38:53Z INFO CommandSettings] Flag 'version': 'False'
[2026-08-21 08:38:53Z INFO CommandSettings] Flag 'commit': 'False'
[2026-08-21 08:38:53Z INFO CommandSettings] Flag 'check': 'False'
[2026-08-21 08:38:53Z INFO CommandSettings] Command 'configure': 'False'
[2026-08-21 08:38:53Z INFO CommandSettings] Command 'remove': 'False'
[2026-08-21 08:38:53Z INFO CommandSettings] Command 'warmup': 'False'
[2026-08-21 08:38:53Z INFO ConfigurationManager] LoadSettings
[2026-08-21 08:38:53Z INFO ConfigurationStore] IsConfigured()
[2026-08-21 08:38:53Z INFO ConfigurationStore] IsConfigured: True
[2026-08-21 08:38:53Z INFO ConfigurationManager] Is configured: True
[2026-08-21 08:38:53Z INFO ConfigurationStore] Read setting file: 384 chars
[2026-08-21 08:38:53Z INFO ConfigurationManager] Settings Loaded
[2026-08-21 08:38:53Z INFO ConfigurationStore] IsServiceConfigured()
[2026-08-21 08:38:53Z INFO ConfigurationStore] IsServiceConfigured: False
[2026-08-21 08:38:53Z INFO CommandSettings] Command 'run': 'True'
[2026-08-21 08:38:53Z INFO ConfigurationStore] IsConfigured()
[2026-08-21 08:38:53Z INFO ConfigurationStore] IsConfigured: True
[2026-08-21 08:38:53Z INFO ConfigurationManager] Is configured: True
[2026-08-21 08:38:53Z INFO Runner] Could not parse the argument value '' for StartupType. Defaulting to Manual
[2026-08-21 08:38:53Z INFO Runner] Set runner startup type - Manual
[2026-08-21 08:38:53Z INFO CommandSettings] Flag 'once': 'False'
[2026-08-21 08:38:53Z INFO CommandSettings] Flag 'once': 'False'
[2026-08-21 08:38:53Z INFO Runner] RunAsync
[2026-08-21 08:38:53Z INFO HostContext] Well known directory 'Bin': 'D:\Remote-Learning---LUMER\Remote-Learning-LUMER\actions-runner\bin'
[2026-08-21 08:38:53Z INFO HostContext] Well known directory 'Root': 'D:\Remote-Learning---LUMER\Remote-Learning-LUMER\actions-runner'
[2026-08-21 08:38:53Z INFO HostContext] Well known directory 'Work': 'D:\Remote-Learning---LUMER\Remote-Learning-LUMER\actions-runner\_work'
[2026-08-21 08:38:53Z INFO Runner] Validating directory permissions for: 'D:\Remote-Learning---LUMER\Remote-Learning-LUMER\actions-runner\_work'
[2026-08-21 08:38:53Z INFO ConfigurationManager] LoadMigratedSettings
[2026-08-21 08:38:53Z INFO ConfigurationStore] IsMigratedConfigured()
[2026-08-21 08:38:53Z INFO ConfigurationStore] IsMigratedConfigured: False
[2026-08-21 08:38:53Z INFO Runner] Failed to load migrated settings: No migrated configuration found.
[2026-08-21 08:38:53Z INFO Runner] Falling back to original .runner settings
[2026-08-21 08:38:53Z INFO Runner] Using BrokerMessageListener
[2026-08-21 08:38:53Z INFO BrokerMessageListener] Using provided settings
[2026-08-21 08:38:53Z INFO BrokerMessageListener] {
  "AgentId": 2,
  "AgentName": "HIEU",
  "PoolId": 1,
  "PoolName": "Default",
  "ServerUrl": "https://pipelinesghubeus12.actions.githubusercontent.com/G2HGBoFcD4oli1CkiROIEitEEf7cQTrzmf6ALFELZO2MrcwBWt/",
  "GitHubUrl": "https://github.com/Hieu1266/TestK8s",
  "WorkFolder": "_work",
  "UseV2Flow": true,
  "ServerUrlV2": "https://broker.actions.githubusercontent.com/"
}
[2026-08-21 08:38:53Z INFO BrokerMessageListener] Loading Credentials
[2026-08-21 08:38:53Z INFO ConfigurationStore] HasCredentials()
[2026-08-21 08:38:53Z INFO ConfigurationStore] stored True
[2026-08-21 08:38:53Z INFO CredentialManager] GetCredentialProvider
[2026-08-21 08:38:53Z INFO CredentialManager] Creating type OAuth
[2026-08-21 08:38:53Z INFO CredentialManager] Creating credential type: OAuth
[2026-08-21 08:38:53Z INFO HostContext] Well known directory 'Bin': 'D:\Remote-Learning---LUMER\Remote-Learning-LUMER\actions-runner\bin'
[2026-08-21 08:38:53Z INFO HostContext] Well known directory 'Root': 'D:\Remote-Learning---LUMER\Remote-Learning-LUMER\actions-runner'
[2026-08-21 08:38:53Z INFO HostContext] Well known config file 'RSACredentials': 'D:\Remote-Learning---LUMER\Remote-Learning-LUMER\actions-runner\.credentials_rsaparams'
[2026-08-21 08:38:53Z INFO RSAEncryptedFileKeyManager] Loading RSA key parameters from file D:\Remote-Learning---LUMER\Remote-Learning-LUMER\actions-runner\.credentials_rsaparams
[2026-08-21 08:38:53Z INFO BrokerMessageListener] Attempt to create session.
[2026-08-21 08:38:53Z INFO BrokerMessageListener] Connecting to the Broker Server...
[2026-08-21 08:38:53Z INFO ConfigurationStore] HasCredentials()
[2026-08-21 08:38:53Z INFO ConfigurationStore] stored True
[2026-08-21 08:38:53Z INFO CredentialManager] GetCredentialProvider
[2026-08-21 08:38:53Z INFO CredentialManager] Creating type OAuth
[2026-08-21 08:38:53Z INFO CredentialManager] Creating credential type: OAuth
[2026-08-21 08:38:53Z INFO RSAEncryptedFileKeyManager] Loading RSA key parameters from file D:\Remote-Learning---LUMER\Remote-Learning-LUMER\actions-runner\.credentials_rsaparams
[2026-08-21 08:38:53Z INFO BrokerMessageListener] VssConnection created
[2026-08-21 08:38:53Z INFO BrokerMessageListener] Connecting to the Runner server...
[2026-08-21 08:38:53Z INFO RunnerServer] EstablishVssConnection
[2026-08-21 08:38:53Z INFO RunnerServer] Establish connection with 100 seconds timeout.
[2026-08-21 08:38:53Z INFO GitHubActionsService] Starting operation Location.GetConnectionData
[2026-08-21 08:38:53Z INFO RunnerServer] EstablishVssConnection
[2026-08-21 08:38:53Z INFO RunnerServer] Establish connection with 60 seconds timeout.
[2026-08-21 08:38:53Z INFO GitHubActionsService] Starting operation Location.GetConnectionData
[2026-08-21 08:38:53Z INFO RunnerServer] EstablishVssConnection
[2026-08-21 08:38:53Z INFO RunnerServer] Establish connection with 60 seconds timeout.
[2026-08-21 08:38:53Z INFO GitHubActionsService] Starting operation Location.GetConnectionData
[2026-08-21 08:38:54Z INFO GitHubActionsService] Finished operation Location.GetConnectionData
[2026-08-21 08:38:54Z INFO GitHubActionsService] Finished operation Location.GetConnectionData
[2026-08-21 08:38:54Z INFO GitHubActionsService] Finished operation Location.GetConnectionData
[2026-08-21 08:38:54Z INFO BrokerMessageListener] VssConnection created
[2026-08-21 08:38:54Z INFO Terminal] WRITE LINE: 
[2026-08-21 08:38:54Z INFO Terminal] WRITE LINE: 
[2026-08-21 08:38:54Z INFO RSAEncryptedFileKeyManager] Loading RSA key parameters from file D:\Remote-Learning---LUMER\Remote-Learning-LUMER\actions-runner\.credentials_rsaparams
[2026-08-21 08:38:54Z INFO RSAEncryptedFileKeyManager] Loading RSA key parameters from file D:\Remote-Learning---LUMER\Remote-Learning-LUMER\actions-runner\.credentials_rsaparams
[2026-08-21 08:38:55Z INFO GitHubActionsService] AAD Correlation ID for this token request: Unknown
[2026-08-21 08:38:56Z INFO BrokerMessageListener] Session created.
[2026-08-21 08:38:56Z INFO Terminal] WRITE LINE: Current runner version: '2.336.0'
[2026-08-21 08:38:56Z INFO Terminal] WRITE LINE: 2026-08-21 08:38:56Z: Listening for Jobs
[2026-08-21 08:38:56Z INFO JobDispatcher] Set runner/worker IPC timeout to 30 seconds.
[2026-08-21 08:53:26Z INFO BrokerMessageListener] Acknowledging runner request 'bb25fa54-1548-5ce4-820b-4ede76ae85e1'.
[2026-08-21 08:53:26Z INFO ConfigurationStore] HasCredentials()
[2026-08-21 08:53:26Z INFO ConfigurationStore] stored True
[2026-08-21 08:53:26Z INFO CredentialManager] GetCredentialProvider
[2026-08-21 08:53:26Z INFO CredentialManager] Creating type OAuth
[2026-08-21 08:53:26Z INFO CredentialManager] Creating credential type: OAuth
[2026-08-21 08:53:26Z INFO RSAEncryptedFileKeyManager] Loading RSA key parameters from file D:\Remote-Learning---LUMER\Remote-Learning-LUMER\actions-runner\.credentials_rsaparams
[2026-08-21 08:53:26Z INFO RSAEncryptedFileKeyManager] Loading RSA key parameters from file D:\Remote-Learning---LUMER\Remote-Learning-LUMER\actions-runner\.credentials_rsaparams
[2026-08-21 08:53:26Z INFO RSAEncryptedFileKeyManager] Loading RSA key parameters from file D:\Remote-Learning---LUMER\Remote-Learning-LUMER\actions-runner\.credentials_rsaparams
[2026-08-21 08:53:27Z INFO GitHubActionsService] AAD Correlation ID for this token request: Unknown
[2026-08-21 08:53:29Z INFO JobDispatcher] Job request 0 for plan 1eba9b48-76ab-4d9a-a654-6ab568d52465 job bb25fa54-1548-5ce4-820b-4ede76ae85e1 received.
[2026-08-21 08:53:29Z INFO JobDispatcher] Pull OrchestrationId 1eba9b48-76ab-4d9a-a654-6ab568d52465.deploy-k8s.__default from JWT claims
[2026-08-21 08:53:29Z INFO BrokerMessageListener] Received job status event. JobState: Busy
[2026-08-21 08:53:29Z INFO BrokerMessageListener] _getMessagesTokenSource is already disposed.
[2026-08-21 08:53:29Z INFO Terminal] WRITE LINE: 2026-08-21 08:53:29Z: Running job: deploy-k8s
[2026-08-21 08:53:29Z INFO JobDispatcher] Start renew job request 0 for job bb25fa54-1548-5ce4-820b-4ede76ae85e1.
[2026-08-21 08:53:30Z INFO JobDispatcher] Successfully renew job bb25fa54-1548-5ce4-820b-4ede76ae85e1, job is valid till 21-08-2026 09:04:14
[2026-08-21 08:53:30Z INFO HostContext] Well known directory 'Bin': 'D:\Remote-Learning---LUMER\Remote-Learning-LUMER\actions-runner\bin'
[2026-08-21 08:53:30Z INFO ProcessInvokerWrapper] Starting process:
[2026-08-21 08:53:30Z INFO ProcessInvokerWrapper]   File name: 'D:\Remote-Learning---LUMER\Remote-Learning-LUMER\actions-runner\bin\Runner.Worker.exe'
[2026-08-21 08:53:30Z INFO ProcessInvokerWrapper]   Arguments: 'spawnclient 2228 2244'
[2026-08-21 08:53:30Z INFO ProcessInvokerWrapper]   Working directory: 'D:\Remote-Learning---LUMER\Remote-Learning-LUMER\actions-runner\bin'
[2026-08-21 08:53:30Z INFO ProcessInvokerWrapper]   Require exit code zero: 'False'
[2026-08-21 08:53:30Z INFO ProcessInvokerWrapper]   Encoding web name:  ; code page: ''
[2026-08-21 08:53:30Z INFO ProcessInvokerWrapper]   Force kill process on cancellation: 'True'
[2026-08-21 08:53:30Z INFO ProcessInvokerWrapper]   Redirected STDIN: 'False'
[2026-08-21 08:53:30Z INFO ProcessInvokerWrapper]   Persist current code page: 'False'
[2026-08-21 08:53:30Z INFO ProcessInvokerWrapper]   Keep redirected STDIN open: 'False'
[2026-08-21 08:53:30Z INFO ProcessInvokerWrapper]   High priority process: 'True'
[2026-08-21 08:53:30Z INFO ProcessInvokerWrapper] Process started with process id 14584, waiting for process exit.
[2026-08-21 08:53:30Z INFO JobDispatcher] Send job request message to worker for job bb25fa54-1548-5ce4-820b-4ede76ae85e1.
[2026-08-21 08:53:30Z INFO ProcessChannel] Sending message of length 22768, with hash '08caed53be8d238e26a7cbd7b00ae496c4dfd8bbe2eed3795d82898c2253f15d'
[2026-08-21 08:53:30Z INFO JobNotification] Entering JobStarted Notification
[2026-08-21 08:53:30Z INFO JobNotification] Entering StartMonitor
[2026-08-21 08:54:06Z INFO ProcessInvokerWrapper] STDOUT/STDERR stream read finished.
[2026-08-21 08:54:06Z INFO ProcessInvokerWrapper] STDOUT/STDERR stream read finished.
[2026-08-21 08:54:06Z INFO ProcessInvokerWrapper] Finished process 14584 with exit code 100, and elapsed time 00:00:36.5451053.
[2026-08-21 08:54:06Z INFO JobDispatcher] Worker finished for job bb25fa54-1548-5ce4-820b-4ede76ae85e1. Code: 100
[2026-08-21 08:54:06Z INFO JobDispatcher] finish job request for job bb25fa54-1548-5ce4-820b-4ede76ae85e1 with result: Succeeded
[2026-08-21 08:54:06Z INFO Terminal] WRITE LINE: 2026-08-21 08:54:06Z: Job deploy-k8s completed with result: Succeeded
[2026-08-21 08:54:06Z INFO JobDispatcher] Stop renew job request for job bb25fa54-1548-5ce4-820b-4ede76ae85e1.
[2026-08-21 08:54:06Z INFO JobDispatcher] job renew has been cancelled, stop renew job bb25fa54-1548-5ce4-820b-4ede76ae85e1.
[2026-08-21 08:54:06Z INFO JobNotification] Entering JobCompleted Notification
[2026-08-21 08:54:06Z INFO JobNotification] Entering EndMonitor
[2026-08-21 08:54:06Z INFO BrokerMessageListener] Received job status event. JobState: Online
[2026-08-21 08:54:06Z WARN GitHubActionsService] GET request to https://broker.actions.githubusercontent.com/message?sessionId=840a0dc1-f923-440b-b03f-6dc7dac8b2e2&status=Busy&runnerVersion=2.336.0&os=Windows&architecture=X64&disableUpdate=false has been cancelled.
[2026-08-21 08:54:06Z ERR  BrokerServer] Catch exception during request
[2026-08-21 08:54:06Z ERR  BrokerServer] System.Threading.Tasks.TaskCanceledException: The operation was canceled.
 ---> System.Threading.Tasks.TaskCanceledException: The operation was canceled.
 ---> System.IO.IOException: Unable to read data from the transport connection: The I/O operation has been aborted because of either a thread exit or an application request..
 ---> System.Net.Sockets.SocketException (995): The I/O operation has been aborted because of either a thread exit or an application request.
   --- End of inner exception stack trace ---
   at System.Net.Sockets.Socket.AwaitableSocketAsyncEventArgs.ThrowException(SocketError error, CancellationToken cancellationToken)
   at System.Net.Sockets.Socket.AwaitableSocketAsyncEventArgs.System.Threading.Tasks.Sources.IValueTaskSource<System.Int32>.GetResult(Int16 token)
   at System.Net.Security.SslStream.EnsureFullTlsFrameAsync[TIOAdapter](CancellationToken cancellationToken, Int32 estimatedSize)
   at System.Runtime.CompilerServices.PoolingAsyncValueTaskMethodBuilder`1.StateMachineBox`1.System.Threading.Tasks.Sources.IValueTaskSource<TResult>.GetResult(Int16 token)
   at System.Net.Security.SslStream.ReadAsyncInternal[TIOAdapter](Memory`1 buffer, CancellationToken cancellationToken)
   at System.Runtime.CompilerServices.PoolingAsyncValueTaskMethodBuilder`1.StateMachineBox`1.System.Threading.Tasks.Sources.IValueTaskSource<TResult>.GetResult(Int16 token)
   at System.Net.Http.HttpConnection.SendAsync(HttpRequestMessage request, Boolean async, CancellationToken cancellationToken)
   --- End of inner exception stack trace ---
   at System.Net.Http.HttpConnection.SendAsync(HttpRequestMessage request, Boolean async, CancellationToken cancellationToken)
   at System.Net.Http.AuthenticationHelper.SendWithNtAuthAsync(HttpRequestMessage request, Uri authUri, Boolean async, ICredentials credentials, Boolean isProxyAuth, HttpConnection connection, HttpConnectionPool connectionPool, CancellationToken cancellationToken)
   at System.Net.Http.HttpConnectionPool.SendWithVersionDetectionAndRetryAsync(HttpRequestMessage request, Boolean async, Boolean doRequestAuth, CancellationToken cancellationToken)
   at System.Net.Http.AuthenticationHelper.SendWithAuthAsync(HttpRequestMessage request, Uri authUri, Boolean async, ICredentials credentials, Boolean preAuthenticate, Boolean isProxyAuth, Boolean doRequestAuth, HttpConnectionPool pool, CancellationToken cancellationToken)
   at System.Net.Http.RedirectHandler.SendAsync(HttpRequestMessage request, Boolean async, CancellationToken cancellationToken)
   at GitHub.Services.Common.RawHttpMessageHandler.SendAsync(HttpRequestMessage request, CancellationToken cancellationToken)
   at GitHub.Services.Common.VssHttpRetryMessageHandler.SendAsync(HttpRequestMessage request, CancellationToken cancellationToken)
   at System.Net.Http.HttpClient.<SendAsync>g__Core|83_0(HttpRequestMessage request, HttpCompletionOption completionOption, CancellationTokenSource cts, Boolean disposeCts, CancellationTokenSource pendingRequestsCts, CancellationToken originalCancellationToken)
   --- End of inner exception stack trace ---
   at System.Net.Http.HttpClient.HandleFailure(Exception e, Boolean telemetryStarted, HttpResponseMessage response, CancellationTokenSource cts, CancellationToken cancellationToken, CancellationTokenSource pendingRequestsCts)
   at System.Net.Http.HttpClient.<SendAsync>g__Core|83_0(HttpRequestMessage request, HttpCompletionOption completionOption, CancellationTokenSource cts, Boolean disposeCts, CancellationTokenSource pendingRequestsCts, CancellationToken originalCancellationToken)
   at Sdk.WebApi.WebApi.RawHttpClientBase.SendAsync(HttpRequestMessage message, HttpCompletionOption completionOption, Object userState, CancellationToken cancellationToken)
   at Sdk.WebApi.WebApi.RawHttpClientBase.SendAsync[T](HttpRequestMessage message, Boolean readErrorBody, Object userState, CancellationToken cancellationToken)
   at Sdk.WebApi.WebApi.RawHttpClientBase.SendAsync[T](HttpMethod method, IEnumerable`1 additionalHeaders, Uri requestUri, HttpContent content, IEnumerable`1 queryParameters, Boolean readErrorBody, Object userState, CancellationToken cancellationToken)
   at GitHub.Actions.RunService.WebApi.BrokerHttpClient.GetRunnerMessageAsync(Nullable`1 sessionId, String runnerVersion, Nullable`1 status, String os, String architecture, Nullable`1 disableUpdate, CancellationToken cancellationToken)
   at GitHub.Runner.Common.BrokerServer.<>c__DisplayClass7_0.<<GetRunnerMessageAsync>b__0>d.MoveNext()
--- End of stack trace from previous location ---
   at GitHub.Runner.Common.RunnerService.RetryRequest[T](Func`1 func, CancellationToken cancellationToken, Int32 maxAttempts, Func`2 shouldRetry)
[2026-08-21 08:54:06Z ERR  BrokerServer] #####################################################
[2026-08-21 08:54:06Z ERR  BrokerServer] System.Threading.Tasks.TaskCanceledException: The operation was canceled.
 ---> System.IO.IOException: Unable to read data from the transport connection: The I/O operation has been aborted because of either a thread exit or an application request..
 ---> System.Net.Sockets.SocketException (995): The I/O operation has been aborted because of either a thread exit or an application request.
   --- End of inner exception stack trace ---
   at System.Net.Sockets.Socket.AwaitableSocketAsyncEventArgs.ThrowException(SocketError error, CancellationToken cancellationToken)
   at System.Net.Sockets.Socket.AwaitableSocketAsyncEventArgs.System.Threading.Tasks.Sources.IValueTaskSource<System.Int32>.GetResult(Int16 token)
   at System.Net.Security.SslStream.EnsureFullTlsFrameAsync[TIOAdapter](CancellationToken cancellationToken, Int32 estimatedSize)
   at System.Runtime.CompilerServices.PoolingAsyncValueTaskMethodBuilder`1.StateMachineBox`1.System.Threading.Tasks.Sources.IValueTaskSource<TResult>.GetResult(Int16 token)
   at System.Net.Security.SslStream.ReadAsyncInternal[TIOAdapter](Memory`1 buffer, CancellationToken cancellationToken)
   at System.Runtime.CompilerServices.PoolingAsyncValueTaskMethodBuilder`1.StateMachineBox`1.System.Threading.Tasks.Sources.IValueTaskSource<TResult>.GetResult(Int16 token)
   at System.Net.Http.HttpConnection.SendAsync(HttpRequestMessage request, Boolean async, CancellationToken cancellationToken)
   --- End of inner exception stack trace ---
   at System.Net.Http.HttpConnection.SendAsync(HttpRequestMessage request, Boolean async, CancellationToken cancellationToken)
   at System.Net.Http.AuthenticationHelper.SendWithNtAuthAsync(HttpRequestMessage request, Uri authUri, Boolean async, ICredentials credentials, Boolean isProxyAuth, HttpConnection connection, HttpConnectionPool connectionPool, CancellationToken cancellationToken)
   at System.Net.Http.HttpConnectionPool.SendWithVersionDetectionAndRetryAsync(HttpRequestMessage request, Boolean async, Boolean doRequestAuth, CancellationToken cancellationToken)
   at System.Net.Http.AuthenticationHelper.SendWithAuthAsync(HttpRequestMessage request, Uri authUri, Boolean async, ICredentials credentials, Boolean preAuthenticate, Boolean isProxyAuth, Boolean doRequestAuth, HttpConnectionPool pool, CancellationToken cancellationToken)
   at System.Net.Http.RedirectHandler.SendAsync(HttpRequestMessage request, Boolean async, CancellationToken cancellationToken)
   at GitHub.Services.Common.RawHttpMessageHandler.SendAsync(HttpRequestMessage request, CancellationToken cancellationToken)
   at GitHub.Services.Common.VssHttpRetryMessageHandler.SendAsync(HttpRequestMessage request, CancellationToken cancellationToken)
   at System.Net.Http.HttpClient.<SendAsync>g__Core|83_0(HttpRequestMessage request, HttpCompletionOption completionOption, CancellationTokenSource cts, Boolean disposeCts, CancellationTokenSource pendingRequestsCts, CancellationToken originalCancellationToken)
[2026-08-21 08:54:06Z ERR  BrokerServer] #####################################################
[2026-08-21 08:54:06Z ERR  BrokerServer] System.IO.IOException: Unable to read data from the transport connection: The I/O operation has been aborted because of either a thread exit or an application request..
 ---> System.Net.Sockets.SocketException (995): The I/O operation has been aborted because of either a thread exit or an application request.
   --- End of inner exception stack trace ---
   at System.Net.Sockets.Socket.AwaitableSocketAsyncEventArgs.ThrowException(SocketError error, CancellationToken cancellationToken)
   at System.Net.Sockets.Socket.AwaitableSocketAsyncEventArgs.System.Threading.Tasks.Sources.IValueTaskSource<System.Int32>.GetResult(Int16 token)
   at System.Net.Security.SslStream.EnsureFullTlsFrameAsync[TIOAdapter](CancellationToken cancellationToken, Int32 estimatedSize)
   at System.Runtime.CompilerServices.PoolingAsyncValueTaskMethodBuilder`1.StateMachineBox`1.System.Threading.Tasks.Sources.IValueTaskSource<TResult>.GetResult(Int16 token)
   at System.Net.Security.SslStream.ReadAsyncInternal[TIOAdapter](Memory`1 buffer, CancellationToken cancellationToken)
   at System.Runtime.CompilerServices.PoolingAsyncValueTaskMethodBuilder`1.StateMachineBox`1.System.Threading.Tasks.Sources.IValueTaskSource<TResult>.GetResult(Int16 token)
   at System.Net.Http.HttpConnection.SendAsync(HttpRequestMessage request, Boolean async, CancellationToken cancellationToken)
[2026-08-21 08:54:06Z ERR  BrokerServer] #####################################################
[2026-08-21 08:54:06Z ERR  BrokerServer] System.Net.Sockets.SocketException (995): The I/O operation has been aborted because of either a thread exit or an application request.
[2026-08-21 08:54:06Z WARN BrokerServer] Back off 5.057 seconds before next retry. 4 attempt left.
[2026-08-21 08:54:06Z INFO BrokerMessageListener] Get messages has been cancelled using local token source. Continue to get messages with new status.
[2026-08-21 08:59:58Z INFO BrokerMessageListener] Acknowledging runner request 'b1b1a841-c9ba-5827-b4f3-f5ce88482ae7'.
[2026-08-21 08:59:59Z INFO ConfigurationStore] HasCredentials()
[2026-08-21 08:59:59Z INFO ConfigurationStore] stored True
[2026-08-21 08:59:59Z INFO CredentialManager] GetCredentialProvider
[2026-08-21 08:59:59Z INFO CredentialManager] Creating type OAuth
[2026-08-21 08:59:59Z INFO CredentialManager] Creating credential type: OAuth
[2026-08-21 08:59:59Z INFO RSAEncryptedFileKeyManager] Loading RSA key parameters from file D:\Remote-Learning---LUMER\Remote-Learning-LUMER\actions-runner\.credentials_rsaparams
[2026-08-21 08:59:59Z INFO RSAEncryptedFileKeyManager] Loading RSA key parameters from file D:\Remote-Learning---LUMER\Remote-Learning-LUMER\actions-runner\.credentials_rsaparams
[2026-08-21 08:59:59Z INFO RSAEncryptedFileKeyManager] Loading RSA key parameters from file D:\Remote-Learning---LUMER\Remote-Learning-LUMER\actions-runner\.credentials_rsaparams
[2026-08-21 09:00:00Z INFO GitHubActionsService] AAD Correlation ID for this token request: Unknown
[2026-08-21 09:00:01Z INFO JobDispatcher] Job request 0 for plan 51f8bcd0-3f8c-4fa0-9f8d-30c33e8ae1af job b1b1a841-c9ba-5827-b4f3-f5ce88482ae7 received.
[2026-08-21 09:00:01Z INFO JobDispatcher] Pull OrchestrationId 51f8bcd0-3f8c-4fa0-9f8d-30c33e8ae1af.deploy-k8s.__default from JWT claims
[2026-08-21 09:00:01Z INFO BrokerMessageListener] Received job status event. JobState: Busy
[2026-08-21 09:00:01Z INFO BrokerMessageListener] _getMessagesTokenSource is already disposed.
[2026-08-21 09:00:01Z INFO JobDispatcher] Job request bb25fa54-1548-5ce4-820b-4ede76ae85e1 processed succeed.
[2026-08-21 09:00:01Z INFO Terminal] WRITE LINE: 2026-08-21 09:00:01Z: Running job: deploy-k8s
[2026-08-21 09:00:01Z INFO JobDispatcher] Start renew job request 0 for job b1b1a841-c9ba-5827-b4f3-f5ce88482ae7.
[2026-08-21 09:00:02Z INFO JobDispatcher] Successfully renew job b1b1a841-c9ba-5827-b4f3-f5ce88482ae7, job is valid till 21-08-2026 09:10:47
[2026-08-21 09:00:02Z INFO HostContext] Well known directory 'Bin': 'D:\Remote-Learning---LUMER\Remote-Learning-LUMER\actions-runner\bin'
[2026-08-21 09:00:02Z INFO ProcessInvokerWrapper] Starting process:
[2026-08-21 09:00:02Z INFO ProcessInvokerWrapper]   File name: 'D:\Remote-Learning---LUMER\Remote-Learning-LUMER\actions-runner\bin\Runner.Worker.exe'
[2026-08-21 09:00:02Z INFO ProcessInvokerWrapper]   Arguments: 'spawnclient 2368 2396'
[2026-08-21 09:00:02Z INFO ProcessInvokerWrapper]   Working directory: 'D:\Remote-Learning---LUMER\Remote-Learning-LUMER\actions-runner\bin'
[2026-08-21 09:00:02Z INFO ProcessInvokerWrapper]   Require exit code zero: 'False'
[2026-08-21 09:00:02Z INFO ProcessInvokerWrapper]   Encoding web name:  ; code page: ''
[2026-08-21 09:00:02Z INFO ProcessInvokerWrapper]   Force kill process on cancellation: 'True'
[2026-08-21 09:00:02Z INFO ProcessInvokerWrapper]   Redirected STDIN: 'False'
[2026-08-21 09:00:02Z INFO ProcessInvokerWrapper]   Persist current code page: 'False'
[2026-08-21 09:00:02Z INFO ProcessInvokerWrapper]   Keep redirected STDIN open: 'False'
[2026-08-21 09:00:02Z INFO ProcessInvokerWrapper]   High priority process: 'True'
[2026-08-21 09:00:02Z INFO ProcessInvokerWrapper] Process started with process id 12348, waiting for process exit.
[2026-08-21 09:00:02Z INFO JobDispatcher] Send job request message to worker for job b1b1a841-c9ba-5827-b4f3-f5ce88482ae7.
[2026-08-21 09:00:02Z INFO ProcessChannel] Sending message of length 22631, with hash 'c408db379c871eaae0b76fbfd8e31d73fcfa46864b4ec30bfac2ef23851fd904'
[2026-08-21 09:00:02Z INFO JobNotification] Entering JobStarted Notification
[2026-08-21 09:00:02Z INFO JobNotification] Entering StartMonitor
[2026-08-21 09:00:21Z INFO ProcessInvokerWrapper] STDOUT/STDERR stream read finished.
[2026-08-21 09:00:21Z INFO ProcessInvokerWrapper] STDOUT/STDERR stream read finished.
[2026-08-21 09:00:21Z INFO ProcessInvokerWrapper] Finished process 12348 with exit code 100, and elapsed time 00:00:19.3618450.
[2026-08-21 09:00:21Z INFO JobDispatcher] Worker finished for job b1b1a841-c9ba-5827-b4f3-f5ce88482ae7. Code: 100
[2026-08-21 09:00:21Z INFO JobDispatcher] finish job request for job b1b1a841-c9ba-5827-b4f3-f5ce88482ae7 with result: Succeeded
[2026-08-21 09:00:21Z INFO Terminal] WRITE LINE: 2026-08-21 09:00:21Z: Job deploy-k8s completed with result: Succeeded
[2026-08-21 09:00:21Z INFO JobDispatcher] Stop renew job request for job b1b1a841-c9ba-5827-b4f3-f5ce88482ae7.
[2026-08-21 09:00:21Z INFO JobDispatcher] job renew has been cancelled, stop renew job b1b1a841-c9ba-5827-b4f3-f5ce88482ae7.
[2026-08-21 09:00:21Z INFO JobNotification] Entering JobCompleted Notification
[2026-08-21 09:00:21Z INFO JobNotification] Entering EndMonitor
[2026-08-21 09:00:21Z INFO BrokerMessageListener] Received job status event. JobState: Online
[2026-08-21 09:00:21Z WARN GitHubActionsService] GET request to https://broker.actions.githubusercontent.com/message?sessionId=840a0dc1-f923-440b-b03f-6dc7dac8b2e2&status=Busy&runnerVersion=2.336.0&os=Windows&architecture=X64&disableUpdate=false has been cancelled.
[2026-08-21 09:00:21Z ERR  BrokerServer] Catch exception during request
[2026-08-21 09:00:21Z ERR  BrokerServer] System.Threading.Tasks.TaskCanceledException: The operation was canceled.
 ---> System.Threading.Tasks.TaskCanceledException: The operation was canceled.
 ---> System.IO.IOException: Unable to read data from the transport connection: The I/O operation has been aborted because of either a thread exit or an application request..
 ---> System.Net.Sockets.SocketException (995): The I/O operation has been aborted because of either a thread exit or an application request.
   --- End of inner exception stack trace ---
   at System.Net.Sockets.Socket.AwaitableSocketAsyncEventArgs.System.Threading.Tasks.Sources.IValueTaskSource<System.Int32>.GetResult(Int16 token)
   at System.Net.Security.SslStream.EnsureFullTlsFrameAsync[TIOAdapter](CancellationToken cancellationToken, Int32 estimatedSize)
   at System.Runtime.CompilerServices.PoolingAsyncValueTaskMethodBuilder`1.StateMachineBox`1.System.Threading.Tasks.Sources.IValueTaskSource<TResult>.GetResult(Int16 token)
   at System.Net.Security.SslStream.ReadAsyncInternal[TIOAdapter](Memory`1 buffer, CancellationToken cancellationToken)
   at System.Runtime.CompilerServices.PoolingAsyncValueTaskMethodBuilder`1.StateMachineBox`1.System.Threading.Tasks.Sources.IValueTaskSource<TResult>.GetResult(Int16 token)
   at System.Net.Http.HttpConnection.SendAsync(HttpRequestMessage request, Boolean async, CancellationToken cancellationToken)
   --- End of inner exception stack trace ---
   at System.Net.Http.HttpConnection.SendAsync(HttpRequestMessage request, Boolean async, CancellationToken cancellationToken)
   at System.Net.Http.AuthenticationHelper.SendWithNtAuthAsync(HttpRequestMessage request, Uri authUri, Boolean async, ICredentials credentials, Boolean isProxyAuth, HttpConnection connection, HttpConnectionPool connectionPool, CancellationToken cancellationToken)
   at System.Net.Http.HttpConnectionPool.SendWithVersionDetectionAndRetryAsync(HttpRequestMessage request, Boolean async, Boolean doRequestAuth, CancellationToken cancellationToken)
   at System.Net.Http.AuthenticationHelper.SendWithAuthAsync(HttpRequestMessage request, Uri authUri, Boolean async, ICredentials credentials, Boolean preAuthenticate, Boolean isProxyAuth, Boolean doRequestAuth, HttpConnectionPool pool, CancellationToken cancellationToken)
   at System.Net.Http.RedirectHandler.SendAsync(HttpRequestMessage request, Boolean async, CancellationToken cancellationToken)
   at GitHub.Services.Common.RawHttpMessageHandler.SendAsync(HttpRequestMessage request, CancellationToken cancellationToken)
   at GitHub.Services.Common.VssHttpRetryMessageHandler.SendAsync(HttpRequestMessage request, CancellationToken cancellationToken)
   at System.Net.Http.HttpClient.<SendAsync>g__Core|83_0(HttpRequestMessage request, HttpCompletionOption completionOption, CancellationTokenSource cts, Boolean disposeCts, CancellationTokenSource pendingRequestsCts, CancellationToken originalCancellationToken)
   --- End of inner exception stack trace ---
   at System.Net.Http.HttpClient.HandleFailure(Exception e, Boolean telemetryStarted, HttpResponseMessage response, CancellationTokenSource cts, CancellationToken cancellationToken, CancellationTokenSource pendingRequestsCts)
   at System.Net.Http.HttpClient.<SendAsync>g__Core|83_0(HttpRequestMessage request, HttpCompletionOption completionOption, CancellationTokenSource cts, Boolean disposeCts, CancellationTokenSource pendingRequestsCts, CancellationToken originalCancellationToken)
   at Sdk.WebApi.WebApi.RawHttpClientBase.SendAsync(HttpRequestMessage message, HttpCompletionOption completionOption, Object userState, CancellationToken cancellationToken)
   at Sdk.WebApi.WebApi.RawHttpClientBase.SendAsync[T](HttpRequestMessage message, Boolean readErrorBody, Object userState, CancellationToken cancellationToken)
   at Sdk.WebApi.WebApi.RawHttpClientBase.SendAsync[T](HttpMethod method, IEnumerable`1 additionalHeaders, Uri requestUri, HttpContent content, IEnumerable`1 queryParameters, Boolean readErrorBody, Object userState, CancellationToken cancellationToken)
   at GitHub.Actions.RunService.WebApi.BrokerHttpClient.GetRunnerMessageAsync(Nullable`1 sessionId, String runnerVersion, Nullable`1 status, String os, String architecture, Nullable`1 disableUpdate, CancellationToken cancellationToken)
   at GitHub.Runner.Common.BrokerServer.<>c__DisplayClass7_0.<<GetRunnerMessageAsync>b__0>d.MoveNext()
--- End of stack trace from previous location ---
   at GitHub.Runner.Common.RunnerService.RetryRequest[T](Func`1 func, CancellationToken cancellationToken, Int32 maxAttempts, Func`2 shouldRetry)
[2026-08-21 09:00:21Z ERR  BrokerServer] #####################################################
[2026-08-21 09:00:21Z ERR  BrokerServer] System.Threading.Tasks.TaskCanceledException: The operation was canceled.
 ---> System.IO.IOException: Unable to read data from the transport connection: The I/O operation has been aborted because of either a thread exit or an application request..
 ---> System.Net.Sockets.SocketException (995): The I/O operation has been aborted because of either a thread exit or an application request.
   --- End of inner exception stack trace ---
   at System.Net.Sockets.Socket.AwaitableSocketAsyncEventArgs.System.Threading.Tasks.Sources.IValueTaskSource<System.Int32>.GetResult(Int16 token)
   at System.Net.Security.SslStream.EnsureFullTlsFrameAsync[TIOAdapter](CancellationToken cancellationToken, Int32 estimatedSize)
   at System.Runtime.CompilerServices.PoolingAsyncValueTaskMethodBuilder`1.StateMachineBox`1.System.Threading.Tasks.Sources.IValueTaskSource<TResult>.GetResult(Int16 token)
   at System.Net.Security.SslStream.ReadAsyncInternal[TIOAdapter](Memory`1 buffer, CancellationToken cancellationToken)
   at System.Runtime.CompilerServices.PoolingAsyncValueTaskMethodBuilder`1.StateMachineBox`1.System.Threading.Tasks.Sources.IValueTaskSource<TResult>.GetResult(Int16 token)
   at System.Net.Http.HttpConnection.SendAsync(HttpRequestMessage request, Boolean async, CancellationToken cancellationToken)
   --- End of inner exception stack trace ---
   at System.Net.Http.HttpConnection.SendAsync(HttpRequestMessage request, Boolean async, CancellationToken cancellationToken)
   at System.Net.Http.AuthenticationHelper.SendWithNtAuthAsync(HttpRequestMessage request, Uri authUri, Boolean async, ICredentials credentials, Boolean isProxyAuth, HttpConnection connection, HttpConnectionPool connectionPool, CancellationToken cancellationToken)
   at System.Net.Http.HttpConnectionPool.SendWithVersionDetectionAndRetryAsync(HttpRequestMessage request, Boolean async, Boolean doRequestAuth, CancellationToken cancellationToken)
   at System.Net.Http.AuthenticationHelper.SendWithAuthAsync(HttpRequestMessage request, Uri authUri, Boolean async, ICredentials credentials, Boolean preAuthenticate, Boolean isProxyAuth, Boolean doRequestAuth, HttpConnectionPool pool, CancellationToken cancellationToken)
   at System.Net.Http.RedirectHandler.SendAsync(HttpRequestMessage request, Boolean async, CancellationToken cancellationToken)
   at GitHub.Services.Common.RawHttpMessageHandler.SendAsync(HttpRequestMessage request, CancellationToken cancellationToken)
   at GitHub.Services.Common.VssHttpRetryMessageHandler.SendAsync(HttpRequestMessage request, CancellationToken cancellationToken)
   at System.Net.Http.HttpClient.<SendAsync>g__Core|83_0(HttpRequestMessage request, HttpCompletionOption completionOption, CancellationTokenSource cts, Boolean disposeCts, CancellationTokenSource pendingRequestsCts, CancellationToken originalCancellationToken)
[2026-08-21 09:00:21Z ERR  BrokerServer] #####################################################
[2026-08-21 09:00:21Z ERR  BrokerServer] System.IO.IOException: Unable to read data from the transport connection: The I/O operation has been aborted because of either a thread exit or an application request..
 ---> System.Net.Sockets.SocketException (995): The I/O operation has been aborted because of either a thread exit or an application request.
   --- End of inner exception stack trace ---
   at System.Net.Sockets.Socket.AwaitableSocketAsyncEventArgs.System.Threading.Tasks.Sources.IValueTaskSource<System.Int32>.GetResult(Int16 token)
   at System.Net.Security.SslStream.EnsureFullTlsFrameAsync[TIOAdapter](CancellationToken cancellationToken, Int32 estimatedSize)
   at System.Runtime.CompilerServices.PoolingAsyncValueTaskMethodBuilder`1.StateMachineBox`1.System.Threading.Tasks.Sources.IValueTaskSource<TResult>.GetResult(Int16 token)
   at System.Net.Security.SslStream.ReadAsyncInternal[TIOAdapter](Memory`1 buffer, CancellationToken cancellationToken)
   at System.Runtime.CompilerServices.PoolingAsyncValueTaskMethodBuilder`1.StateMachineBox`1.System.Threading.Tasks.Sources.IValueTaskSource<TResult>.GetResult(Int16 token)
   at System.Net.Http.HttpConnection.SendAsync(HttpRequestMessage request, Boolean async, CancellationToken cancellationToken)
[2026-08-21 09:00:21Z ERR  BrokerServer] #####################################################
[2026-08-21 09:00:21Z ERR  BrokerServer] System.Net.Sockets.SocketException (995): The I/O operation has been aborted because of either a thread exit or an application request.
[2026-08-21 09:00:21Z WARN BrokerServer] Back off 6.186 seconds before next retry. 4 attempt left.
[2026-08-21 09:00:21Z INFO BrokerMessageListener] Get messages has been cancelled using local token source. Continue to get messages with new status.
[2026-08-21 09:22:23Z INFO HostContext] Runner will be shutdown for UserCancelled
[2026-08-21 09:22:23Z WARN GitHubActionsService] GET request to https://broker.actions.githubusercontent.com/message?sessionId=840a0dc1-f923-440b-b03f-6dc7dac8b2e2&status=Online&runnerVersion=2.336.0&os=Windows&architecture=X64&disableUpdate=false has been cancelled.
[2026-08-21 09:22:23Z ERR  BrokerServer] Catch exception during request
[2026-08-21 09:22:23Z ERR  BrokerServer] System.Threading.Tasks.TaskCanceledException: The operation was canceled.
 ---> System.Threading.Tasks.TaskCanceledException: The operation was canceled.
 ---> System.IO.IOException: Unable to read data from the transport connection: The I/O operation has been aborted because of either a thread exit or an application request..
 ---> System.Net.Sockets.SocketException (995): The I/O operation has been aborted because of either a thread exit or an application request.
   --- End of inner exception stack trace ---
   at System.Net.Sockets.Socket.AwaitableSocketAsyncEventArgs.System.Threading.Tasks.Sources.IValueTaskSource<System.Int32>.GetResult(Int16 token)
   at System.Net.Security.SslStream.EnsureFullTlsFrameAsync[TIOAdapter](CancellationToken cancellationToken, Int32 estimatedSize)
   at System.Runtime.CompilerServices.PoolingAsyncValueTaskMethodBuilder`1.StateMachineBox`1.System.Threading.Tasks.Sources.IValueTaskSource<TResult>.GetResult(Int16 token)
   at System.Net.Security.SslStream.ReadAsyncInternal[TIOAdapter](Memory`1 buffer, CancellationToken cancellationToken)
   at System.Runtime.CompilerServices.PoolingAsyncValueTaskMethodBuilder`1.StateMachineBox`1.System.Threading.Tasks.Sources.IValueTaskSource<TResult>.GetResult(Int16 token)
   at System.Net.Http.HttpConnection.SendAsync(HttpRequestMessage request, Boolean async, CancellationToken cancellationToken)
   --- End of inner exception stack trace ---
   at System.Net.Http.HttpConnection.SendAsync(HttpRequestMessage request, Boolean async, CancellationToken cancellationToken)
   at System.Net.Http.AuthenticationHelper.SendWithNtAuthAsync(HttpRequestMessage request, Uri authUri, Boolean async, ICredentials credentials, Boolean isProxyAuth, HttpConnection connection, HttpConnectionPool connectionPool, CancellationToken cancellationToken)
   at System.Net.Http.HttpConnectionPool.SendWithVersionDetectionAndRetryAsync(HttpRequestMessage request, Boolean async, Boolean doRequestAuth, CancellationToken cancellationToken)
   at System.Net.Http.AuthenticationHelper.SendWithAuthAsync(HttpRequestMessage request, Uri authUri, Boolean async, ICredentials credentials, Boolean preAuthenticate, Boolean isProxyAuth, Boolean doRequestAuth, HttpConnectionPool pool, CancellationToken cancellationToken)
   at System.Net.Http.RedirectHandler.SendAsync(HttpRequestMessage request, Boolean async, CancellationToken cancellationToken)
   at GitHub.Services.Common.RawHttpMessageHandler.SendAsync(HttpRequestMessage request, CancellationToken cancellationToken)
   at GitHub.Services.Common.VssHttpRetryMessageHandler.SendAsync(HttpRequestMessage request, CancellationToken cancellationToken)
   at System.Net.Http.HttpClient.<SendAsync>g__Core|83_0(HttpRequestMessage request, HttpCompletionOption completionOption, CancellationTokenSource cts, Boolean disposeCts, CancellationTokenSource pendingRequestsCts, CancellationToken originalCancellationToken)
   --- End of inner exception stack trace ---
   at System.Net.Http.HttpClient.HandleFailure(Exception e, Boolean telemetryStarted, HttpResponseMessage response, CancellationTokenSource cts, CancellationToken cancellationToken, CancellationTokenSource pendingRequestsCts)
   at System.Net.Http.HttpClient.<SendAsync>g__Core|83_0(HttpRequestMessage request, HttpCompletionOption completionOption, CancellationTokenSource cts, Boolean disposeCts, CancellationTokenSource pendingRequestsCts, CancellationToken originalCancellationToken)
   at Sdk.WebApi.WebApi.RawHttpClientBase.SendAsync(HttpRequestMessage message, HttpCompletionOption completionOption, Object userState, CancellationToken cancellationToken)
   at Sdk.WebApi.WebApi.RawHttpClientBase.SendAsync[T](HttpRequestMessage message, Boolean readErrorBody, Object userState, CancellationToken cancellationToken)
   at Sdk.WebApi.WebApi.RawHttpClientBase.SendAsync[T](HttpMethod method, IEnumerable`1 additionalHeaders, Uri requestUri, HttpContent content, IEnumerable`1 queryParameters, Boolean readErrorBody, Object userState, CancellationToken cancellationToken)
   at GitHub.Actions.RunService.WebApi.BrokerHttpClient.GetRunnerMessageAsync(Nullable`1 sessionId, String runnerVersion, Nullable`1 status, String os, String architecture, Nullable`1 disableUpdate, CancellationToken cancellationToken)
   at GitHub.Runner.Common.BrokerServer.<>c__DisplayClass7_0.<<GetRunnerMessageAsync>b__0>d.MoveNext()
--- End of stack trace from previous location ---
   at GitHub.Runner.Common.RunnerService.RetryRequest[T](Func`1 func, CancellationToken cancellationToken, Int32 maxAttempts, Func`2 shouldRetry)
[2026-08-21 09:22:23Z ERR  BrokerServer] #####################################################
[2026-08-21 09:22:23Z ERR  BrokerServer] System.Threading.Tasks.TaskCanceledException: The operation was canceled.
 ---> System.IO.IOException: Unable to read data from the transport connection: The I/O operation has been aborted because of either a thread exit or an application request..
 ---> System.Net.Sockets.SocketException (995): The I/O operation has been aborted because of either a thread exit or an application request.
   --- End of inner exception stack trace ---
   at System.Net.Sockets.Socket.AwaitableSocketAsyncEventArgs.System.Threading.Tasks.Sources.IValueTaskSource<System.Int32>.GetResult(Int16 token)
   at System.Net.Security.SslStream.EnsureFullTlsFrameAsync[TIOAdapter](CancellationToken cancellationToken, Int32 estimatedSize)
   at System.Runtime.CompilerServices.PoolingAsyncValueTaskMethodBuilder`1.StateMachineBox`1.System.Threading.Tasks.Sources.IValueTaskSource<TResult>.GetResult(Int16 token)
   at System.Net.Security.SslStream.ReadAsyncInternal[TIOAdapter](Memory`1 buffer, CancellationToken cancellationToken)
   at System.Runtime.CompilerServices.PoolingAsyncValueTaskMethodBuilder`1.StateMachineBox`1.System.Threading.Tasks.Sources.IValueTaskSource<TResult>.GetResult(Int16 token)
   at System.Net.Http.HttpConnection.SendAsync(HttpRequestMessage request, Boolean async, CancellationToken cancellationToken)
   --- End of inner exception stack trace ---
   at System.Net.Http.HttpConnection.SendAsync(HttpRequestMessage request, Boolean async, CancellationToken cancellationToken)
   at System.Net.Http.AuthenticationHelper.SendWithNtAuthAsync(HttpRequestMessage request, Uri authUri, Boolean async, ICredentials credentials, Boolean isProxyAuth, HttpConnection connection, HttpConnectionPool connectionPool, CancellationToken cancellationToken)
   at System.Net.Http.HttpConnectionPool.SendWithVersionDetectionAndRetryAsync(HttpRequestMessage request, Boolean async, Boolean doRequestAuth, CancellationToken cancellationToken)
   at System.Net.Http.AuthenticationHelper.SendWithAuthAsync(HttpRequestMessage request, Uri authUri, Boolean async, ICredentials credentials, Boolean preAuthenticate, Boolean isProxyAuth, Boolean doRequestAuth, HttpConnectionPool pool, CancellationToken cancellationToken)
   at System.Net.Http.RedirectHandler.SendAsync(HttpRequestMessage request, Boolean async, CancellationToken cancellationToken)
   at GitHub.Services.Common.RawHttpMessageHandler.SendAsync(HttpRequestMessage request, CancellationToken cancellationToken)
   at GitHub.Services.Common.VssHttpRetryMessageHandler.SendAsync(HttpRequestMessage request, CancellationToken cancellationToken)
   at System.Net.Http.HttpClient.<SendAsync>g__Core|83_0(HttpRequestMessage request, HttpCompletionOption completionOption, CancellationTokenSource cts, Boolean disposeCts, CancellationTokenSource pendingRequestsCts, CancellationToken originalCancellationToken)
[2026-08-21 09:22:23Z ERR  BrokerServer] #####################################################
[2026-08-21 09:22:23Z ERR  BrokerServer] System.IO.IOException: Unable to read data from the transport connection: The I/O operation has been aborted because of either a thread exit or an application request..
 ---> System.Net.Sockets.SocketException (995): The I/O operation has been aborted because of either a thread exit or an application request.
   --- End of inner exception stack trace ---
   at System.Net.Sockets.Socket.AwaitableSocketAsyncEventArgs.System.Threading.Tasks.Sources.IValueTaskSource<System.Int32>.GetResult(Int16 token)
   at System.Net.Security.SslStream.EnsureFullTlsFrameAsync[TIOAdapter](CancellationToken cancellationToken, Int32 estimatedSize)
   at System.Runtime.CompilerServices.PoolingAsyncValueTaskMethodBuilder`1.StateMachineBox`1.System.Threading.Tasks.Sources.IValueTaskSource<TResult>.GetResult(Int16 token)
   at System.Net.Security.SslStream.ReadAsyncInternal[TIOAdapter](Memory`1 buffer, CancellationToken cancellationToken)
   at System.Runtime.CompilerServices.PoolingAsyncValueTaskMethodBuilder`1.StateMachineBox`1.System.Threading.Tasks.Sources.IValueTaskSource<TResult>.GetResult(Int16 token)
   at System.Net.Http.HttpConnection.SendAsync(HttpRequestMessage request, Boolean async, CancellationToken cancellationToken)
[2026-08-21 09:22:23Z ERR  BrokerServer] #####################################################
[2026-08-21 09:22:23Z ERR  BrokerServer] System.Net.Sockets.SocketException (995): The I/O operation has been aborted because of either a thread exit or an application request.
[2026-08-21 09:22:23Z WARN BrokerServer] Back off 12.253 seconds before next retry. 4 attempt left.
[2026-08-21 09:22:23Z INFO BrokerMessageListener] Get next message has been cancelled.
[2026-08-21 09:22:23Z INFO JobDispatcher] Shutting down JobDispatcher. Make sure all WorkerDispatcher has finished.
[2026-08-21 09:22:23Z INFO JobDispatcher] Ensure WorkerDispatcher for job b1b1a841-c9ba-5827-b4f3-f5ce88482ae7 run to finish, cancel any running job.
[2026-08-21 09:22:23Z INFO JobDispatcher] Job request b1b1a841-c9ba-5827-b4f3-f5ce88482ae7 processed succeed.
[2026-08-21 09:22:23Z INFO Runner] Deleting Runner Session...
[2026-08-21 09:22:24Z INFO Listener] Runner execution been cancelled.
