[2026-08-21 08:37:51Z INFO HostContext] No proxy settings were found based on environmental variables (http_proxy/https_proxy/HTTP_PROXY/HTTPS_PROXY)
[2026-08-21 08:37:51Z INFO HostContext] Well known directory 'Bin': 'D:\Remote-Learning---LUMER\Remote-Learning-LUMER\actions-runner\bin'
[2026-08-21 08:37:51Z INFO HostContext] Well known directory 'Root': 'D:\Remote-Learning---LUMER\Remote-Learning-LUMER\actions-runner'
[2026-08-21 08:37:51Z INFO HostContext] Well known config file 'Credentials': 'D:\Remote-Learning---LUMER\Remote-Learning-LUMER\actions-runner\.credentials'
[2026-08-21 08:37:51Z INFO HostContext] Well known directory 'Bin': 'D:\Remote-Learning---LUMER\Remote-Learning-LUMER\actions-runner\bin'
[2026-08-21 08:37:51Z INFO HostContext] Well known directory 'Root': 'D:\Remote-Learning---LUMER\Remote-Learning-LUMER\actions-runner'
[2026-08-21 08:37:51Z INFO HostContext] Well known config file 'Runner': 'D:\Remote-Learning---LUMER\Remote-Learning-LUMER\actions-runner\.runner'
[2026-08-21 08:37:51Z INFO Listener] Runner is built for Windows (X64) - win-x64.
[2026-08-21 08:37:51Z INFO Listener] RuntimeInformation: Microsoft Windows 10.0.26200.
[2026-08-21 08:37:51Z INFO Listener] Version: 2.336.0
[2026-08-21 08:37:51Z INFO Listener] Commit: 98aabcd429c4e8402406c56ce2d26387fed3b9ce
[2026-08-21 08:37:51Z INFO Listener] Culture: en-US
[2026-08-21 08:37:51Z INFO Listener] UI Culture: en-US
[2026-08-21 08:37:51Z INFO HostContext] Well known directory 'Bin': 'D:\Remote-Learning---LUMER\Remote-Learning-LUMER\actions-runner\bin'
[2026-08-21 08:37:51Z INFO HostContext] Well known directory 'Root': 'D:\Remote-Learning---LUMER\Remote-Learning-LUMER\actions-runner'
[2026-08-21 08:37:51Z INFO Listener] Validating directory permissions for: 'D:\Remote-Learning---LUMER\Remote-Learning-LUMER\actions-runner'
[2026-08-21 08:37:51Z INFO CommandLineParser] Parse
[2026-08-21 08:37:51Z INFO CommandLineParser] Parsing 5 args
[2026-08-21 08:37:51Z INFO CommandLineParser] parsing argument
[2026-08-21 08:37:51Z INFO CommandLineParser] HasArgs: False
[2026-08-21 08:37:51Z INFO CommandLineParser] Adding Command: configure
[2026-08-21 08:37:51Z INFO CommandLineParser] parsing argument
[2026-08-21 08:37:51Z INFO CommandLineParser] HasArgs: True
[2026-08-21 08:37:51Z INFO CommandLineParser] arg: url
[2026-08-21 08:37:51Z INFO CommandLineParser] parsing argument
[2026-08-21 08:37:51Z INFO CommandLineParser] HasArgs: True
[2026-08-21 08:37:51Z INFO CommandLineParser] Adding option 'url': 'https://github.com/Hieu1266/TestK8s'
[2026-08-21 08:37:51Z INFO CommandLineParser] parsing argument
[2026-08-21 08:37:51Z INFO CommandLineParser] HasArgs: True
[2026-08-21 08:37:51Z INFO CommandLineParser] arg: token
[2026-08-21 08:37:51Z INFO CommandLineParser] parsing argument
[2026-08-21 08:37:51Z INFO CommandLineParser] HasArgs: True
[2026-08-21 08:37:51Z INFO CommandLineParser] Adding option 'token': '***'
[2026-08-21 08:37:51Z INFO Listener] Arguments parsed
[2026-08-21 08:37:51Z INFO Runner] ExecuteCommand
[2026-08-21 08:37:51Z INFO ConfigurationStore] currentAssemblyLocation: D:\Remote-Learning---LUMER\Remote-Learning-LUMER\actions-runner\bin\Runner.Listener.dll
[2026-08-21 08:37:51Z INFO HostContext] Well known directory 'Bin': 'D:\Remote-Learning---LUMER\Remote-Learning-LUMER\actions-runner\bin'
[2026-08-21 08:37:51Z INFO ConfigurationStore] binPath: D:\Remote-Learning---LUMER\Remote-Learning-LUMER\actions-runner\bin
[2026-08-21 08:37:51Z INFO HostContext] Well known directory 'Bin': 'D:\Remote-Learning---LUMER\Remote-Learning-LUMER\actions-runner\bin'
[2026-08-21 08:37:51Z INFO HostContext] Well known directory 'Root': 'D:\Remote-Learning---LUMER\Remote-Learning-LUMER\actions-runner'
[2026-08-21 08:37:51Z INFO ConfigurationStore] RootFolder: D:\Remote-Learning---LUMER\Remote-Learning-LUMER\actions-runner
[2026-08-21 08:37:51Z INFO HostContext] Well known directory 'Bin': 'D:\Remote-Learning---LUMER\Remote-Learning-LUMER\actions-runner\bin'
[2026-08-21 08:37:51Z INFO HostContext] Well known directory 'Root': 'D:\Remote-Learning---LUMER\Remote-Learning-LUMER\actions-runner'
[2026-08-21 08:37:51Z INFO HostContext] Well known config file 'Runner': 'D:\Remote-Learning---LUMER\Remote-Learning-LUMER\actions-runner\.runner'
[2026-08-21 08:37:51Z INFO ConfigurationStore] ConfigFilePath: D:\Remote-Learning---LUMER\Remote-Learning-LUMER\actions-runner\.runner
[2026-08-21 08:37:51Z INFO HostContext] Well known directory 'Bin': 'D:\Remote-Learning---LUMER\Remote-Learning-LUMER\actions-runner\bin'
[2026-08-21 08:37:51Z INFO HostContext] Well known directory 'Root': 'D:\Remote-Learning---LUMER\Remote-Learning-LUMER\actions-runner'
[2026-08-21 08:37:51Z INFO HostContext] Well known config file 'MigratedRunner': 'D:\Remote-Learning---LUMER\Remote-Learning-LUMER\actions-runner\.runner_migrated'
[2026-08-21 08:37:51Z INFO ConfigurationStore] MigratedConfigFilePath: D:\Remote-Learning---LUMER\Remote-Learning-LUMER\actions-runner\.runner_migrated
[2026-08-21 08:37:51Z INFO HostContext] Well known directory 'Bin': 'D:\Remote-Learning---LUMER\Remote-Learning-LUMER\actions-runner\bin'
[2026-08-21 08:37:51Z INFO HostContext] Well known directory 'Root': 'D:\Remote-Learning---LUMER\Remote-Learning-LUMER\actions-runner'
[2026-08-21 08:37:51Z INFO HostContext] Well known config file 'Credentials': 'D:\Remote-Learning---LUMER\Remote-Learning-LUMER\actions-runner\.credentials'
[2026-08-21 08:37:51Z INFO ConfigurationStore] CredFilePath: D:\Remote-Learning---LUMER\Remote-Learning-LUMER\actions-runner\.credentials
[2026-08-21 08:37:51Z INFO HostContext] Well known directory 'Bin': 'D:\Remote-Learning---LUMER\Remote-Learning-LUMER\actions-runner\bin'
[2026-08-21 08:37:51Z INFO HostContext] Well known directory 'Root': 'D:\Remote-Learning---LUMER\Remote-Learning-LUMER\actions-runner'
[2026-08-21 08:37:51Z INFO HostContext] Well known config file 'MigratedCredentials': 'D:\Remote-Learning---LUMER\Remote-Learning-LUMER\actions-runner\.credentials_migrated'
[2026-08-21 08:37:51Z INFO ConfigurationStore] MigratedCredFilePath: D:\Remote-Learning---LUMER\Remote-Learning-LUMER\actions-runner\.credentials_migrated
[2026-08-21 08:37:51Z INFO HostContext] Well known directory 'Bin': 'D:\Remote-Learning---LUMER\Remote-Learning-LUMER\actions-runner\bin'
[2026-08-21 08:37:51Z INFO HostContext] Well known directory 'Root': 'D:\Remote-Learning---LUMER\Remote-Learning-LUMER\actions-runner'
[2026-08-21 08:37:51Z INFO HostContext] Well known config file 'Service': 'D:\Remote-Learning---LUMER\Remote-Learning-LUMER\actions-runner\.service'
[2026-08-21 08:37:51Z INFO ConfigurationStore] ServiceConfigFilePath: D:\Remote-Learning---LUMER\Remote-Learning-LUMER\actions-runner\.service
[2026-08-21 08:37:51Z INFO CommandSettings] Flag 'help': 'False'
[2026-08-21 08:37:51Z INFO CommandSettings] Flag 'version': 'False'
[2026-08-21 08:37:51Z INFO CommandSettings] Flag 'commit': 'False'
[2026-08-21 08:37:51Z INFO CommandSettings] Flag 'check': 'False'
[2026-08-21 08:37:51Z INFO CommandSettings] Command 'configure': 'True'
[2026-08-21 08:37:51Z INFO Terminal] WRITE LINE: 
[2026-08-21 08:37:51Z INFO Terminal] WRITE LINE: --------------------------------------------------------------------------------
[2026-08-21 08:37:51Z INFO Terminal] WRITE LINE: |        ____ _ _   _   _       _          _        _   _                      |
[2026-08-21 08:37:51Z INFO Terminal] WRITE LINE: |       / ___(_) |_| | | |_   _| |__      / \   ___| |_(_) ___  _ __  ___      |
[2026-08-21 08:37:51Z INFO Terminal] WRITE LINE: |      | |  _| | __| |_| | | | | '_ \    / _ \ / __| __| |/ _ \| '_ \/ __|     |
[2026-08-21 08:37:51Z INFO Terminal] WRITE LINE: |      | |_| | | |_|  _  | |_| | |_) |  / ___ \ (__| |_| | (_) | | | \__ \     |
[2026-08-21 08:37:51Z INFO Terminal] WRITE LINE: |       \____|_|\__|_| |_|\__,_|_.__/  /_/   \_\___|\__|_|\___/|_| |_|___/     |
[2026-08-21 08:37:51Z INFO Terminal] WRITE LINE: |                                                                              |
[2026-08-21 08:37:51Z INFO Terminal] WRITE: |                       
[2026-08-21 08:37:51Z INFO Terminal] WRITE: Self-hosted runner registration
[2026-08-21 08:37:51Z INFO Terminal] WRITE LINE:                         |
[2026-08-21 08:37:51Z INFO Terminal] WRITE LINE: |                                                                              |
[2026-08-21 08:37:51Z INFO Terminal] WRITE LINE: --------------------------------------------------------------------------------
[2026-08-21 08:37:51Z INFO ConfigurationManager] ConfigureAsync
[2026-08-21 08:37:51Z INFO CommandSettings] Flag 'generateServiceConfig': 'False'
[2026-08-21 08:37:51Z INFO ConfigurationStore] IsConfigured()
[2026-08-21 08:37:51Z INFO ConfigurationStore] IsConfigured: False
[2026-08-21 08:37:51Z INFO ConfigurationManager] Is configured: False
[2026-08-21 08:37:51Z INFO CommandSettings] Arg 'url': 'https://github.com/Hieu1266/TestK8s'
[2026-08-21 08:37:51Z INFO CommandSettings] Remove url from Arg dictionary.
[2026-08-21 08:37:51Z INFO CommandSettings] Arg 'token': '***'
[2026-08-21 08:37:51Z INFO CommandSettings] Remove token from Arg dictionary.
[2026-08-21 08:37:52Z INFO ConfigurationManager] Http response code: OK from 'POST https://api.github.com/actions/runner-registration' (E096:AA130:720391:76C8B0:6A880E8C)
[2026-08-21 08:37:52Z INFO ConfigurationManager] Using runner-admin flow: False
[2026-08-21 08:37:52Z INFO ConfigurationManager] cred retrieved via GitHub auth
[2026-08-21 08:37:52Z INFO RunnerServer] EstablishVssConnection
[2026-08-21 08:37:52Z INFO RunnerServer] Establish connection with 100 seconds timeout.
[2026-08-21 08:37:52Z INFO GitHubActionsService] Starting operation Location.GetConnectionData
[2026-08-21 08:37:52Z INFO RunnerServer] EstablishVssConnection
[2026-08-21 08:37:52Z INFO RunnerServer] Establish connection with 60 seconds timeout.
[2026-08-21 08:37:52Z INFO GitHubActionsService] Starting operation Location.GetConnectionData
[2026-08-21 08:37:52Z INFO RunnerServer] EstablishVssConnection
[2026-08-21 08:37:52Z INFO RunnerServer] Establish connection with 60 seconds timeout.
[2026-08-21 08:37:52Z INFO GitHubActionsService] Starting operation Location.GetConnectionData
[2026-08-21 08:37:54Z INFO GitHubActionsService] Finished operation Location.GetConnectionData
[2026-08-21 08:37:54Z INFO GitHubActionsService] Finished operation Location.GetConnectionData
[2026-08-21 08:37:54Z INFO GitHubActionsService] Finished operation Location.GetConnectionData
[2026-08-21 08:37:54Z INFO Terminal] WRITE LINE: 
[2026-08-21 08:37:54Z INFO ConfigurationManager] Test Connection complete.
[2026-08-21 08:37:54Z INFO HostContext] Well known directory 'Bin': 'D:\Remote-Learning---LUMER\Remote-Learning-LUMER\actions-runner\bin'
[2026-08-21 08:37:54Z INFO HostContext] Well known directory 'Root': 'D:\Remote-Learning---LUMER\Remote-Learning-LUMER\actions-runner'
[2026-08-21 08:37:54Z INFO HostContext] Well known config file 'RSACredentials': 'D:\Remote-Learning---LUMER\Remote-Learning-LUMER\actions-runner\.credentials_rsaparams'
[2026-08-21 08:37:54Z INFO RSAEncryptedFileKeyManager] Creating new RSA key using 2048-bit key length
[2026-08-21 08:37:54Z INFO RSAEncryptedFileKeyManager] Successfully saved RSA key parameters to file D:\Remote-Learning---LUMER\Remote-Learning-LUMER\actions-runner\.credentials_rsaparams
[2026-08-21 08:37:54Z INFO CommandSettings] Arg 'runnergroup': ''
[2026-08-21 08:37:54Z INFO CommandSettings] Flag 'unattended': 'False'
[2026-08-21 08:37:54Z INFO PromptManager] ReadValue
[2026-08-21 08:37:54Z INFO Terminal] WRITE: Enter the name of the runner group to add this runner to: 
[2026-08-21 08:37:54Z INFO Terminal] WRITE: [press Enter for Default] 
[2026-08-21 08:37:54Z INFO Terminal] READ LINE
[2026-08-21 08:38:01Z INFO Terminal] Read value: ''
[2026-08-21 08:38:01Z INFO PromptManager] Falling back to the default: 'Default'
[2026-08-21 08:38:01Z INFO Terminal] WRITE LINE: 
[2026-08-21 08:38:01Z INFO ConfigurationManager] Found a self-hosted runner group with id 1 and name Default
[2026-08-21 08:38:01Z INFO CommandSettings] Flag 'disableupdate': 'False'
[2026-08-21 08:38:01Z INFO CommandSettings] Flag 'ephemeral': 'False'
[2026-08-21 08:38:01Z INFO CommandSettings] Arg 'name': ''
[2026-08-21 08:38:01Z INFO CommandSettings] Flag 'unattended': 'False'
[2026-08-21 08:38:01Z INFO PromptManager] ReadValue
[2026-08-21 08:38:01Z INFO Terminal] WRITE: Enter the name of runner: 
[2026-08-21 08:38:01Z INFO Terminal] WRITE: [press Enter for HIEU] 
[2026-08-21 08:38:01Z INFO Terminal] READ LINE
[2026-08-21 08:38:03Z INFO Terminal] Read value: ''
[2026-08-21 08:38:03Z INFO PromptManager] Falling back to the default: 'HIEU'
[2026-08-21 08:38:03Z INFO Terminal] WRITE LINE: 
[2026-08-21 08:38:03Z INFO CommandSettings] Arg 'labels': ''
[2026-08-21 08:38:03Z INFO CommandSettings] Flag 'unattended': 'False'
[2026-08-21 08:38:03Z INFO PromptManager] ReadValue
[2026-08-21 08:38:03Z INFO Terminal] WRITE: This runner will have the following labels: 'self-hosted', 'Windows', 'X64' 
Enter any additional labels (ex. label-1,label-2): 
[2026-08-21 08:38:03Z INFO Terminal] WRITE: [press Enter to skip] 
[2026-08-21 08:38:03Z INFO Terminal] READ LINE
[2026-08-21 08:38:04Z INFO Terminal] Read value: ''
[2026-08-21 08:38:04Z INFO Terminal] WRITE LINE: 
[2026-08-21 08:38:05Z INFO CommandSettings] Flag 'disableupdate': 'False'
[2026-08-21 08:38:05Z INFO CommandSettings] Flag 'no-default-labels': 'False'
[2026-08-21 08:38:05Z INFO CommandSettings] Flag 'disableupdate': 'False'
[2026-08-21 08:38:05Z INFO CommandSettings] Flag 'ephemeral': 'False'
[2026-08-21 08:38:05Z INFO ConfigurationStore] Saving OAuth credential @ D:\Remote-Learning---LUMER\Remote-Learning-LUMER\actions-runner\.credentials
[2026-08-21 08:38:05Z INFO ConfigurationStore] Credentials Saved.
[2026-08-21 08:38:05Z INFO ConfigurationManager] Service enforced serverUrlV2: https://broker.actions.githubusercontent.com/
[2026-08-21 08:38:05Z INFO ConfigurationManager] Service enforced useV2Flow: True
[2026-08-21 08:38:05Z INFO CommandSettings] Arg 'work': ''
[2026-08-21 08:38:05Z INFO CommandSettings] Flag 'unattended': 'False'
[2026-08-21 08:38:05Z INFO PromptManager] ReadValue
[2026-08-21 08:38:05Z INFO Terminal] WRITE: Enter name of work folder: 
[2026-08-21 08:38:05Z INFO Terminal] WRITE: [press Enter for _work] 
[2026-08-21 08:38:05Z INFO Terminal] READ LINE
[2026-08-21 08:38:06Z INFO Terminal] Read value: ''
[2026-08-21 08:38:06Z INFO PromptManager] Falling back to the default: '_work'
[2026-08-21 08:38:06Z INFO ConfigurationStore] Saving runner settings.
[2026-08-21 08:38:06Z INFO ConfigurationStore] Settings Saved.
[2026-08-21 08:38:06Z INFO Terminal] WRITE LINE: 
[2026-08-21 08:38:06Z INFO Terminal] WRITE LINE: 
[2026-08-21 08:38:06Z INFO CommandSettings] Flag 'runasservice': 'False'
[2026-08-21 08:38:06Z INFO CommandSettings] Flag 'unattended': 'False'
[2026-08-21 08:38:06Z INFO PromptManager] ReadValue
[2026-08-21 08:38:06Z INFO Terminal] WRITE: Would you like to run the runner as service? (Y/N) 
[2026-08-21 08:38:06Z INFO Terminal] WRITE: [press Enter for N] 
[2026-08-21 08:38:06Z INFO Terminal] READ LINE
[2026-08-21 08:38:34Z INFO Terminal] Read value: 'Y'
[2026-08-21 08:38:34Z INFO ConfigurationManager] Configuring to run the agent as service
[2026-08-21 08:38:34Z ERR  WindowsServiceControlManager] Needs Administrator privileges for configure runner as windows service.
[2026-08-21 08:38:34Z ERR  Runner] System.Security.SecurityException: Needs Administrator privileges for configuring runner as windows service.
   at GitHub.Runner.Listener.Configuration.WindowsServiceControlManager.ConfigureService(RunnerSettings settings, CommandSettings command)
   at GitHub.Runner.Listener.Configuration.ConfigurationManager.ConfigureAsync(CommandSettings command)
   at GitHub.Runner.Listener.Runner.ExecuteCommand(CommandSettings command)
[2026-08-21 08:38:34Z ERR  Terminal] WRITE ERROR: Needs Administrator privileges for configuring runner as windows service.
[2026-08-21 08:38:34Z INFO Listener] Runner execution has finished with return code 1
