[2026-08-21 09:28:14Z INFO HostContext] No proxy settings were found based on environmental variables (http_proxy/https_proxy/HTTP_PROXY/HTTPS_PROXY)
[2026-08-21 09:28:14Z INFO HostContext] Well known directory 'Bin': 'D:\Remote-Learning---LUMER\Remote-Learning-LUMER\actions-runner\bin'
[2026-08-21 09:28:14Z INFO HostContext] Well known directory 'Root': 'D:\Remote-Learning---LUMER\Remote-Learning-LUMER\actions-runner'
[2026-08-21 09:28:14Z INFO HostContext] Well known config file 'Credentials': 'D:\Remote-Learning---LUMER\Remote-Learning-LUMER\actions-runner\.credentials'
[2026-08-21 09:28:14Z INFO HostContext] Well known directory 'Bin': 'D:\Remote-Learning---LUMER\Remote-Learning-LUMER\actions-runner\bin'
[2026-08-21 09:28:14Z INFO HostContext] Well known directory 'Root': 'D:\Remote-Learning---LUMER\Remote-Learning-LUMER\actions-runner'
[2026-08-21 09:28:14Z INFO HostContext] Well known config file 'Runner': 'D:\Remote-Learning---LUMER\Remote-Learning-LUMER\actions-runner\.runner'
[2026-08-21 09:28:14Z INFO Listener] Runner is built for Windows (X64) - win-x64.
[2026-08-21 09:28:14Z INFO Listener] RuntimeInformation: Microsoft Windows 10.0.26200.
[2026-08-21 09:28:14Z INFO Listener] Version: 2.336.0
[2026-08-21 09:28:14Z INFO Listener] Commit: 98aabcd429c4e8402406c56ce2d26387fed3b9ce
[2026-08-21 09:28:14Z INFO Listener] Culture: en-US
[2026-08-21 09:28:14Z INFO Listener] UI Culture: en-US
[2026-08-21 09:28:14Z INFO HostContext] Well known directory 'Bin': 'D:\Remote-Learning---LUMER\Remote-Learning-LUMER\actions-runner\bin'
[2026-08-21 09:28:14Z INFO HostContext] Well known directory 'Root': 'D:\Remote-Learning---LUMER\Remote-Learning-LUMER\actions-runner'
[2026-08-21 09:28:14Z INFO Listener] Validating directory permissions for: 'D:\Remote-Learning---LUMER\Remote-Learning-LUMER\actions-runner'
[2026-08-21 09:28:14Z INFO CommandLineParser] Parse
[2026-08-21 09:28:14Z INFO CommandLineParser] Parsing 1 args
[2026-08-21 09:28:14Z INFO CommandLineParser] parsing argument
[2026-08-21 09:28:14Z INFO CommandLineParser] HasArgs: False
[2026-08-21 09:28:14Z INFO CommandLineParser] Adding Command: run
[2026-08-21 09:28:14Z INFO Listener] Arguments parsed
[2026-08-21 09:28:14Z INFO Runner] ExecuteCommand
[2026-08-21 09:28:14Z INFO ConfigurationStore] currentAssemblyLocation: D:\Remote-Learning---LUMER\Remote-Learning-LUMER\actions-runner\bin\Runner.Listener.dll
[2026-08-21 09:28:14Z INFO HostContext] Well known directory 'Bin': 'D:\Remote-Learning---LUMER\Remote-Learning-LUMER\actions-runner\bin'
[2026-08-21 09:28:14Z INFO ConfigurationStore] binPath: D:\Remote-Learning---LUMER\Remote-Learning-LUMER\actions-runner\bin
[2026-08-21 09:28:14Z INFO HostContext] Well known directory 'Bin': 'D:\Remote-Learning---LUMER\Remote-Learning-LUMER\actions-runner\bin'
[2026-08-21 09:28:14Z INFO HostContext] Well known directory 'Root': 'D:\Remote-Learning---LUMER\Remote-Learning-LUMER\actions-runner'
[2026-08-21 09:28:14Z INFO ConfigurationStore] RootFolder: D:\Remote-Learning---LUMER\Remote-Learning-LUMER\actions-runner
[2026-08-21 09:28:14Z INFO HostContext] Well known directory 'Bin': 'D:\Remote-Learning---LUMER\Remote-Learning-LUMER\actions-runner\bin'
[2026-08-21 09:28:14Z INFO HostContext] Well known directory 'Root': 'D:\Remote-Learning---LUMER\Remote-Learning-LUMER\actions-runner'
[2026-08-21 09:28:14Z INFO HostContext] Well known config file 'Runner': 'D:\Remote-Learning---LUMER\Remote-Learning-LUMER\actions-runner\.runner'
[2026-08-21 09:28:14Z INFO ConfigurationStore] ConfigFilePath: D:\Remote-Learning---LUMER\Remote-Learning-LUMER\actions-runner\.runner
[2026-08-21 09:28:14Z INFO HostContext] Well known directory 'Bin': 'D:\Remote-Learning---LUMER\Remote-Learning-LUMER\actions-runner\bin'
[2026-08-21 09:28:14Z INFO HostContext] Well known directory 'Root': 'D:\Remote-Learning---LUMER\Remote-Learning-LUMER\actions-runner'
[2026-08-21 09:28:14Z INFO HostContext] Well known config file 'MigratedRunner': 'D:\Remote-Learning---LUMER\Remote-Learning-LUMER\actions-runner\.runner_migrated'
[2026-08-21 09:28:14Z INFO ConfigurationStore] MigratedConfigFilePath: D:\Remote-Learning---LUMER\Remote-Learning-LUMER\actions-runner\.runner_migrated
[2026-08-21 09:28:14Z INFO HostContext] Well known directory 'Bin': 'D:\Remote-Learning---LUMER\Remote-Learning-LUMER\actions-runner\bin'
[2026-08-21 09:28:14Z INFO HostContext] Well known directory 'Root': 'D:\Remote-Learning---LUMER\Remote-Learning-LUMER\actions-runner'
[2026-08-21 09:28:14Z INFO HostContext] Well known config file 'Credentials': 'D:\Remote-Learning---LUMER\Remote-Learning-LUMER\actions-runner\.credentials'
[2026-08-21 09:28:14Z INFO ConfigurationStore] CredFilePath: D:\Remote-Learning---LUMER\Remote-Learning-LUMER\actions-runner\.credentials
[2026-08-21 09:28:14Z INFO HostContext] Well known directory 'Bin': 'D:\Remote-Learning---LUMER\Remote-Learning-LUMER\actions-runner\bin'
[2026-08-21 09:28:14Z INFO HostContext] Well known directory 'Root': 'D:\Remote-Learning---LUMER\Remote-Learning-LUMER\actions-runner'
[2026-08-21 09:28:14Z INFO HostContext] Well known config file 'MigratedCredentials': 'D:\Remote-Learning---LUMER\Remote-Learning-LUMER\actions-runner\.credentials_migrated'
[2026-08-21 09:28:14Z INFO ConfigurationStore] MigratedCredFilePath: D:\Remote-Learning---LUMER\Remote-Learning-LUMER\actions-runner\.credentials_migrated
[2026-08-21 09:28:14Z INFO HostContext] Well known directory 'Bin': 'D:\Remote-Learning---LUMER\Remote-Learning-LUMER\actions-runner\bin'
[2026-08-21 09:28:14Z INFO HostContext] Well known directory 'Root': 'D:\Remote-Learning---LUMER\Remote-Learning-LUMER\actions-runner'
[2026-08-21 09:28:14Z INFO HostContext] Well known config file 'Service': 'D:\Remote-Learning---LUMER\Remote-Learning-LUMER\actions-runner\.service'
[2026-08-21 09:28:14Z INFO ConfigurationStore] ServiceConfigFilePath: D:\Remote-Learning---LUMER\Remote-Learning-LUMER\actions-runner\.service
[2026-08-21 09:28:14Z INFO CommandSettings] Flag 'help': 'False'
[2026-08-21 09:28:14Z INFO CommandSettings] Flag 'version': 'False'
[2026-08-21 09:28:14Z INFO CommandSettings] Flag 'commit': 'False'
[2026-08-21 09:28:14Z INFO CommandSettings] Flag 'check': 'False'
[2026-08-21 09:28:14Z INFO CommandSettings] Command 'configure': 'False'
[2026-08-21 09:28:14Z INFO CommandSettings] Command 'remove': 'False'
[2026-08-21 09:28:14Z INFO CommandSettings] Command 'warmup': 'False'
[2026-08-21 09:28:14Z INFO ConfigurationManager] LoadSettings
[2026-08-21 09:28:14Z INFO ConfigurationStore] IsConfigured()
[2026-08-21 09:28:14Z INFO ConfigurationStore] IsConfigured: True
[2026-08-21 09:28:14Z INFO ConfigurationManager] Is configured: True
[2026-08-21 09:28:14Z INFO ConfigurationStore] Read setting file: 384 chars
[2026-08-21 09:28:14Z INFO ConfigurationManager] Settings Loaded
[2026-08-21 09:28:14Z INFO ConfigurationStore] IsServiceConfigured()
[2026-08-21 09:28:14Z INFO ConfigurationStore] IsServiceConfigured: False
[2026-08-21 09:28:14Z INFO CommandSettings] Command 'run': 'True'
[2026-08-21 09:28:14Z INFO ConfigurationStore] IsConfigured()
[2026-08-21 09:28:14Z INFO ConfigurationStore] IsConfigured: True
[2026-08-21 09:28:14Z INFO ConfigurationManager] Is configured: True
[2026-08-21 09:28:14Z INFO Runner] Could not parse the argument value '' for StartupType. Defaulting to Manual
[2026-08-21 09:28:14Z INFO Runner] Set runner startup type - Manual
[2026-08-21 09:28:14Z INFO CommandSettings] Flag 'once': 'False'
[2026-08-21 09:28:14Z INFO CommandSettings] Flag 'once': 'False'
[2026-08-21 09:28:14Z INFO Runner] RunAsync
[2026-08-21 09:28:14Z INFO HostContext] Well known directory 'Bin': 'D:\Remote-Learning---LUMER\Remote-Learning-LUMER\actions-runner\bin'
[2026-08-21 09:28:14Z INFO HostContext] Well known directory 'Root': 'D:\Remote-Learning---LUMER\Remote-Learning-LUMER\actions-runner'
[2026-08-21 09:28:14Z INFO HostContext] Well known directory 'Work': 'D:\Remote-Learning---LUMER\Remote-Learning-LUMER\actions-runner\_work'
[2026-08-21 09:28:14Z INFO Runner] Validating directory permissions for: 'D:\Remote-Learning---LUMER\Remote-Learning-LUMER\actions-runner\_work'
[2026-08-21 09:28:14Z INFO ConfigurationManager] LoadMigratedSettings
[2026-08-21 09:28:14Z INFO ConfigurationStore] IsMigratedConfigured()
[2026-08-21 09:28:14Z INFO ConfigurationStore] IsMigratedConfigured: False
[2026-08-21 09:28:14Z INFO Runner] Failed to load migrated settings: No migrated configuration found.
[2026-08-21 09:28:14Z INFO Runner] Falling back to original .runner settings
[2026-08-21 09:28:14Z INFO Runner] Using BrokerMessageListener
[2026-08-21 09:28:14Z INFO BrokerMessageListener] Using provided settings
[2026-08-21 09:28:14Z INFO BrokerMessageListener] {
  "AgentId": 2,
  "AgentName": "HIEU",
  "PoolId": 1,
  "PoolName": "Default",
  "ServerUrl": "https://pipelinesghubeus12.actions.githubusercontent.com/G2HGBoFcD4oli1CkiROIEitEEf7cQTrzmf6ALFELZO2MrcwBWt/",
  "GitHubUrl": "https://github.com/Hieu1266/TestK8s",
  "WorkFolder": "_work",
  "UseV2Flow": true,
  "ServerUrlV2": "https://broker.actions.githubusercontent.com/"
}
[2026-08-21 09:28:14Z INFO BrokerMessageListener] Loading Credentials
[2026-08-21 09:28:14Z INFO ConfigurationStore] HasCredentials()
[2026-08-21 09:28:14Z INFO ConfigurationStore] stored True
[2026-08-21 09:28:14Z INFO CredentialManager] GetCredentialProvider
[2026-08-21 09:28:14Z INFO CredentialManager] Creating type OAuth
[2026-08-21 09:28:14Z INFO CredentialManager] Creating credential type: OAuth
[2026-08-21 09:28:14Z INFO HostContext] Well known directory 'Bin': 'D:\Remote-Learning---LUMER\Remote-Learning-LUMER\actions-runner\bin'
[2026-08-21 09:28:14Z INFO HostContext] Well known directory 'Root': 'D:\Remote-Learning---LUMER\Remote-Learning-LUMER\actions-runner'
[2026-08-21 09:28:14Z INFO HostContext] Well known config file 'RSACredentials': 'D:\Remote-Learning---LUMER\Remote-Learning-LUMER\actions-runner\.credentials_rsaparams'
[2026-08-21 09:28:14Z INFO RSAEncryptedFileKeyManager] Loading RSA key parameters from file D:\Remote-Learning---LUMER\Remote-Learning-LUMER\actions-runner\.credentials_rsaparams
[2026-08-21 09:28:14Z INFO BrokerMessageListener] Attempt to create session.
[2026-08-21 09:28:14Z INFO BrokerMessageListener] Connecting to the Broker Server...
[2026-08-21 09:28:14Z INFO ConfigurationStore] HasCredentials()
[2026-08-21 09:28:14Z INFO ConfigurationStore] stored True
[2026-08-21 09:28:14Z INFO CredentialManager] GetCredentialProvider
[2026-08-21 09:28:14Z INFO CredentialManager] Creating type OAuth
[2026-08-21 09:28:14Z INFO CredentialManager] Creating credential type: OAuth
[2026-08-21 09:28:14Z INFO RSAEncryptedFileKeyManager] Loading RSA key parameters from file D:\Remote-Learning---LUMER\Remote-Learning-LUMER\actions-runner\.credentials_rsaparams
[2026-08-21 09:28:14Z INFO BrokerMessageListener] VssConnection created
[2026-08-21 09:28:14Z INFO BrokerMessageListener] Connecting to the Runner server...
[2026-08-21 09:28:14Z INFO RunnerServer] EstablishVssConnection
[2026-08-21 09:28:14Z INFO RunnerServer] Establish connection with 100 seconds timeout.
[2026-08-21 09:28:14Z INFO GitHubActionsService] Starting operation Location.GetConnectionData
[2026-08-21 09:28:14Z INFO RunnerServer] EstablishVssConnection
[2026-08-21 09:28:14Z INFO RunnerServer] Establish connection with 60 seconds timeout.
[2026-08-21 09:28:14Z INFO GitHubActionsService] Starting operation Location.GetConnectionData
[2026-08-21 09:28:14Z INFO RunnerServer] EstablishVssConnection
[2026-08-21 09:28:14Z INFO RunnerServer] Establish connection with 60 seconds timeout.
[2026-08-21 09:28:14Z INFO GitHubActionsService] Starting operation Location.GetConnectionData
[2026-08-21 09:28:15Z INFO GitHubActionsService] Finished operation Location.GetConnectionData
[2026-08-21 09:28:15Z INFO GitHubActionsService] Finished operation Location.GetConnectionData
[2026-08-21 09:28:15Z INFO GitHubActionsService] Finished operation Location.GetConnectionData
[2026-08-21 09:28:16Z INFO BrokerMessageListener] VssConnection created
[2026-08-21 09:28:16Z INFO Terminal] WRITE LINE: 
[2026-08-21 09:28:16Z INFO Terminal] WRITE LINE: 
[2026-08-21 09:28:16Z INFO RSAEncryptedFileKeyManager] Loading RSA key parameters from file D:\Remote-Learning---LUMER\Remote-Learning-LUMER\actions-runner\.credentials_rsaparams
[2026-08-21 09:28:16Z INFO RSAEncryptedFileKeyManager] Loading RSA key parameters from file D:\Remote-Learning---LUMER\Remote-Learning-LUMER\actions-runner\.credentials_rsaparams
[2026-08-21 09:28:17Z INFO GitHubActionsService] AAD Correlation ID for this token request: Unknown
[2026-08-21 09:28:17Z INFO BrokerMessageListener] Session created.
[2026-08-21 09:28:17Z INFO Terminal] WRITE LINE: Current runner version: '2.336.0'
[2026-08-21 09:28:17Z INFO Terminal] WRITE LINE: 2026-08-21 09:28:17Z: Listening for Jobs
[2026-08-21 09:28:17Z INFO JobDispatcher] Set runner/worker IPC timeout to 30 seconds.
[2026-08-21 09:57:35Z INFO BrokerMessageListener] Acknowledging runner request 'af558182-3c4e-5a74-9b9b-a8c6223843b8'.
[2026-08-21 09:57:35Z INFO ConfigurationStore] HasCredentials()
[2026-08-21 09:57:35Z INFO ConfigurationStore] stored True
[2026-08-21 09:57:35Z INFO CredentialManager] GetCredentialProvider
[2026-08-21 09:57:35Z INFO CredentialManager] Creating type OAuth
[2026-08-21 09:57:35Z INFO CredentialManager] Creating credential type: OAuth
[2026-08-21 09:57:35Z INFO RSAEncryptedFileKeyManager] Loading RSA key parameters from file D:\Remote-Learning---LUMER\Remote-Learning-LUMER\actions-runner\.credentials_rsaparams
[2026-08-21 09:57:35Z INFO RSAEncryptedFileKeyManager] Loading RSA key parameters from file D:\Remote-Learning---LUMER\Remote-Learning-LUMER\actions-runner\.credentials_rsaparams
[2026-08-21 09:57:35Z INFO RSAEncryptedFileKeyManager] Loading RSA key parameters from file D:\Remote-Learning---LUMER\Remote-Learning-LUMER\actions-runner\.credentials_rsaparams
[2026-08-21 09:57:36Z INFO GitHubActionsService] AAD Correlation ID for this token request: Unknown
[2026-08-21 09:57:38Z INFO JobDispatcher] Job request 0 for plan 8d93bf22-7054-43b8-bed4-1aee529d74db job af558182-3c4e-5a74-9b9b-a8c6223843b8 received.
[2026-08-21 09:57:38Z INFO JobDispatcher] Pull OrchestrationId 8d93bf22-7054-43b8-bed4-1aee529d74db.deploy-k8s.__default from JWT claims
[2026-08-21 09:57:38Z INFO BrokerMessageListener] Received job status event. JobState: Busy
[2026-08-21 09:57:38Z INFO BrokerMessageListener] _getMessagesTokenSource is already disposed.
[2026-08-21 09:57:38Z INFO Terminal] WRITE LINE: 2026-08-21 09:57:38Z: Running job: deploy-k8s
[2026-08-21 09:57:38Z INFO JobDispatcher] Start renew job request 0 for job af558182-3c4e-5a74-9b9b-a8c6223843b8.
[2026-08-21 09:57:39Z INFO JobDispatcher] Successfully renew job af558182-3c4e-5a74-9b9b-a8c6223843b8, job is valid till 21-08-2026 10:08:24
[2026-08-21 09:57:39Z INFO HostContext] Well known directory 'Bin': 'D:\Remote-Learning---LUMER\Remote-Learning-LUMER\actions-runner\bin'
[2026-08-21 09:57:39Z INFO ProcessInvokerWrapper] Starting process:
[2026-08-21 09:57:39Z INFO ProcessInvokerWrapper]   File name: 'D:\Remote-Learning---LUMER\Remote-Learning-LUMER\actions-runner\bin\Runner.Worker.exe'
[2026-08-21 09:57:39Z INFO ProcessInvokerWrapper]   Arguments: 'spawnclient 1632 1476'
[2026-08-21 09:57:39Z INFO ProcessInvokerWrapper]   Working directory: 'D:\Remote-Learning---LUMER\Remote-Learning-LUMER\actions-runner\bin'
[2026-08-21 09:57:39Z INFO ProcessInvokerWrapper]   Require exit code zero: 'False'
[2026-08-21 09:57:39Z INFO ProcessInvokerWrapper]   Encoding web name:  ; code page: ''
[2026-08-21 09:57:39Z INFO ProcessInvokerWrapper]   Force kill process on cancellation: 'True'
[2026-08-21 09:57:39Z INFO ProcessInvokerWrapper]   Redirected STDIN: 'False'
[2026-08-21 09:57:39Z INFO ProcessInvokerWrapper]   Persist current code page: 'False'
[2026-08-21 09:57:39Z INFO ProcessInvokerWrapper]   Keep redirected STDIN open: 'False'
[2026-08-21 09:57:39Z INFO ProcessInvokerWrapper]   High priority process: 'True'
[2026-08-21 09:57:39Z INFO ProcessInvokerWrapper] Process started with process id 20392, waiting for process exit.
[2026-08-21 09:57:39Z INFO JobDispatcher] Send job request message to worker for job af558182-3c4e-5a74-9b9b-a8c6223843b8.
[2026-08-21 09:57:39Z INFO ProcessChannel] Sending message of length 22555, with hash '05a73e27978b7af41ff988d5cf3c1d32bdf09c510bacb6bd79fb5243c70b6f09'
[2026-08-21 09:57:39Z INFO JobNotification] Entering JobStarted Notification
[2026-08-21 09:57:39Z INFO JobNotification] Entering StartMonitor
[2026-08-21 09:58:14Z INFO ProcessInvokerWrapper] STDOUT/STDERR stream read finished.
[2026-08-21 09:58:14Z INFO ProcessInvokerWrapper] STDOUT/STDERR stream read finished.
[2026-08-21 09:58:14Z INFO ProcessInvokerWrapper] Finished process 20392 with exit code 100, and elapsed time 00:00:35.6282520.
[2026-08-21 09:58:14Z INFO JobDispatcher] Worker finished for job af558182-3c4e-5a74-9b9b-a8c6223843b8. Code: 100
[2026-08-21 09:58:14Z INFO JobDispatcher] finish job request for job af558182-3c4e-5a74-9b9b-a8c6223843b8 with result: Succeeded
[2026-08-21 09:58:14Z INFO Terminal] WRITE LINE: 2026-08-21 09:58:14Z: Job deploy-k8s completed with result: Succeeded
[2026-08-21 09:58:14Z INFO JobDispatcher] Stop renew job request for job af558182-3c4e-5a74-9b9b-a8c6223843b8.
[2026-08-21 09:58:14Z INFO JobDispatcher] job renew has been cancelled, stop renew job af558182-3c4e-5a74-9b9b-a8c6223843b8.
[2026-08-21 09:58:14Z INFO JobNotification] Entering JobCompleted Notification
[2026-08-21 09:58:14Z INFO JobNotification] Entering EndMonitor
[2026-08-21 09:58:14Z INFO BrokerMessageListener] Received job status event. JobState: Online
[2026-08-21 09:58:14Z WARN GitHubActionsService] GET request to https://broker.actions.githubusercontent.com/message?sessionId=fcca16a4-59d8-410b-b0a5-74b9b2a05789&status=Busy&runnerVersion=2.336.0&os=Windows&architecture=X64&disableUpdate=false has been cancelled.
[2026-08-21 09:58:14Z ERR  BrokerServer] Catch exception during request
[2026-08-21 09:58:14Z ERR  BrokerServer] System.Threading.Tasks.TaskCanceledException: The operation was canceled.
 ---> System.Threading.Tasks.TaskCanceledException: The operation was canceled.
 ---> System.IO.IOException: Unable to read data from the transport connection: The I/O operation has been aborted because of either a thread exit or an application request..
 ---> System.Net.Sockets.SocketException (995): The I/O operation has been aborted because of either a thread exit or an application request.
   --- End of inner exception stack trace ---
   at System.Net.Sockets.Socket.AwaitableSocketAsyncEventArgs.ThrowException(SocketError error, CancellationToken cancellationToken)
   at System.Net.Sockets.Socket.AwaitableSocketAsyncEventArgs.System.Threading.Tasks.Sources.IValueTaskSource<System.Int32>.GetResult(Int16 token)
   at System.Net.Security.SslStream.EnsureFullTlsFrameAsync[TIOAdapter](CancellationToken cancellationToken, Int32 estimatedSize)
   at System.Runtime.CompilerServices.PoolingAsyncValueTaskMethodBuilder`1.StateMachineBox`1.System.Threading.Tasks.Sources.IValueTaskSource<TResult>.GetResult(Int16 token)
   at System.Net.Security.SslStream.ReadAsyncInternal[TIOAdapter](Memory`1 buffer, CancellationToken cancellationToken)
   at System.Runtime.CompilerServices.PoolingAsyncValueTaskMethodBuilder`1.StateMachineBox`1.System.Threading.Tasks.Sources.IValueTaskSource<TResult>.GetResult(Int16 token)
   at System.Net.Http.HttpConnection.SendAsync(HttpRequestMessage request, Boolean async, CancellationToken cancellationToken)
   --- End of inner exception stack trace ---
   at System.Net.Http.HttpConnection.SendAsync(HttpRequestMessage request, Boolean async, CancellationToken cancellationToken)
   at System.Net.Http.AuthenticationHelper.SendWithNtAuthAsync(HttpRequestMessage request, Uri authUri, Boolean async, ICredentials credentials, Boolean isProxyAuth, HttpConnection connection, HttpConnectionPool connectionPool, CancellationToken cancellationToken)
   at System.Net.Http.HttpConnectionPool.SendWithVersionDetectionAndRetryAsync(HttpRequestMessage request, Boolean async, Boolean doRequestAuth, CancellationToken cancellationToken)
   at System.Net.Http.AuthenticationHelper.SendWithAuthAsync(HttpRequestMessage request, Uri authUri, Boolean async, ICredentials credentials, Boolean preAuthenticate, Boolean isProxyAuth, Boolean doRequestAuth, HttpConnectionPool pool, CancellationToken cancellationToken)
   at System.Net.Http.RedirectHandler.SendAsync(HttpRequestMessage request, Boolean async, CancellationToken cancellationToken)
   at GitHub.Services.Common.RawHttpMessageHandler.SendAsync(HttpRequestMessage request, CancellationToken cancellationToken)
   at GitHub.Services.Common.VssHttpRetryMessageHandler.SendAsync(HttpRequestMessage request, CancellationToken cancellationToken)
   at System.Net.Http.HttpClient.<SendAsync>g__Core|83_0(HttpRequestMessage request, HttpCompletionOption completionOption, CancellationTokenSource cts, Boolean disposeCts, CancellationTokenSource pendingRequestsCts, CancellationToken originalCancellationToken)
   --- End of inner exception stack trace ---
   at System.Net.Http.HttpClient.HandleFailure(Exception e, Boolean telemetryStarted, HttpResponseMessage response, CancellationTokenSource cts, CancellationToken cancellationToken, CancellationTokenSource pendingRequestsCts)
   at System.Net.Http.HttpClient.<SendAsync>g__Core|83_0(HttpRequestMessage request, HttpCompletionOption completionOption, CancellationTokenSource cts, Boolean disposeCts, CancellationTokenSource pendingRequestsCts, CancellationToken originalCancellationToken)
   at Sdk.WebApi.WebApi.RawHttpClientBase.SendAsync(HttpRequestMessage message, HttpCompletionOption completionOption, Object userState, CancellationToken cancellationToken)
   at Sdk.WebApi.WebApi.RawHttpClientBase.SendAsync[T](HttpRequestMessage message, Boolean readErrorBody, Object userState, CancellationToken cancellationToken)
   at Sdk.WebApi.WebApi.RawHttpClientBase.SendAsync[T](HttpMethod method, IEnumerable`1 additionalHeaders, Uri requestUri, HttpContent content, IEnumerable`1 queryParameters, Boolean readErrorBody, Object userState, CancellationToken cancellationToken)
   at GitHub.Actions.RunService.WebApi.BrokerHttpClient.GetRunnerMessageAsync(Nullable`1 sessionId, String runnerVersion, Nullable`1 status, String os, String architecture, Nullable`1 disableUpdate, CancellationToken cancellationToken)
   at GitHub.Runner.Common.BrokerServer.<>c__DisplayClass7_0.<<GetRunnerMessageAsync>b__0>d.MoveNext()
--- End of stack trace from previous location ---
   at GitHub.Runner.Common.RunnerService.RetryRequest[T](Func`1 func, CancellationToken cancellationToken, Int32 maxAttempts, Func`2 shouldRetry)
[2026-08-21 09:58:14Z ERR  BrokerServer] #####################################################
[2026-08-21 09:58:14Z ERR  BrokerServer] System.Threading.Tasks.TaskCanceledException: The operation was canceled.
 ---> System.IO.IOException: Unable to read data from the transport connection: The I/O operation has been aborted because of either a thread exit or an application request..
 ---> System.Net.Sockets.SocketException (995): The I/O operation has been aborted because of either a thread exit or an application request.
   --- End of inner exception stack trace ---
   at System.Net.Sockets.Socket.AwaitableSocketAsyncEventArgs.ThrowException(SocketError error, CancellationToken cancellationToken)
   at System.Net.Sockets.Socket.AwaitableSocketAsyncEventArgs.System.Threading.Tasks.Sources.IValueTaskSource<System.Int32>.GetResult(Int16 token)
   at System.Net.Security.SslStream.EnsureFullTlsFrameAsync[TIOAdapter](CancellationToken cancellationToken, Int32 estimatedSize)
   at System.Runtime.CompilerServices.PoolingAsyncValueTaskMethodBuilder`1.StateMachineBox`1.System.Threading.Tasks.Sources.IValueTaskSource<TResult>.GetResult(Int16 token)
   at System.Net.Security.SslStream.ReadAsyncInternal[TIOAdapter](Memory`1 buffer, CancellationToken cancellationToken)
   at System.Runtime.CompilerServices.PoolingAsyncValueTaskMethodBuilder`1.StateMachineBox`1.System.Threading.Tasks.Sources.IValueTaskSource<TResult>.GetResult(Int16 token)
   at System.Net.Http.HttpConnection.SendAsync(HttpRequestMessage request, Boolean async, CancellationToken cancellationToken)
   --- End of inner exception stack trace ---
   at System.Net.Http.HttpConnection.SendAsync(HttpRequestMessage request, Boolean async, CancellationToken cancellationToken)
   at System.Net.Http.AuthenticationHelper.SendWithNtAuthAsync(HttpRequestMessage request, Uri authUri, Boolean async, ICredentials credentials, Boolean isProxyAuth, HttpConnection connection, HttpConnectionPool connectionPool, CancellationToken cancellationToken)
   at System.Net.Http.HttpConnectionPool.SendWithVersionDetectionAndRetryAsync(HttpRequestMessage request, Boolean async, Boolean doRequestAuth, CancellationToken cancellationToken)
   at System.Net.Http.AuthenticationHelper.SendWithAuthAsync(HttpRequestMessage request, Uri authUri, Boolean async, ICredentials credentials, Boolean preAuthenticate, Boolean isProxyAuth, Boolean doRequestAuth, HttpConnectionPool pool, CancellationToken cancellationToken)
   at System.Net.Http.RedirectHandler.SendAsync(HttpRequestMessage request, Boolean async, CancellationToken cancellationToken)
   at GitHub.Services.Common.RawHttpMessageHandler.SendAsync(HttpRequestMessage request, CancellationToken cancellationToken)
   at GitHub.Services.Common.VssHttpRetryMessageHandler.SendAsync(HttpRequestMessage request, CancellationToken cancellationToken)
   at System.Net.Http.HttpClient.<SendAsync>g__Core|83_0(HttpRequestMessage request, HttpCompletionOption completionOption, CancellationTokenSource cts, Boolean disposeCts, CancellationTokenSource pendingRequestsCts, CancellationToken originalCancellationToken)
[2026-08-21 09:58:14Z ERR  BrokerServer] #####################################################
[2026-08-21 09:58:14Z ERR  BrokerServer] System.IO.IOException: Unable to read data from the transport connection: The I/O operation has been aborted because of either a thread exit or an application request..
 ---> System.Net.Sockets.SocketException (995): The I/O operation has been aborted because of either a thread exit or an application request.
   --- End of inner exception stack trace ---
   at System.Net.Sockets.Socket.AwaitableSocketAsyncEventArgs.ThrowException(SocketError error, CancellationToken cancellationToken)
   at System.Net.Sockets.Socket.AwaitableSocketAsyncEventArgs.System.Threading.Tasks.Sources.IValueTaskSource<System.Int32>.GetResult(Int16 token)
   at System.Net.Security.SslStream.EnsureFullTlsFrameAsync[TIOAdapter](CancellationToken cancellationToken, Int32 estimatedSize)
   at System.Runtime.CompilerServices.PoolingAsyncValueTaskMethodBuilder`1.StateMachineBox`1.System.Threading.Tasks.Sources.IValueTaskSource<TResult>.GetResult(Int16 token)
   at System.Net.Security.SslStream.ReadAsyncInternal[TIOAdapter](Memory`1 buffer, CancellationToken cancellationToken)
   at System.Runtime.CompilerServices.PoolingAsyncValueTaskMethodBuilder`1.StateMachineBox`1.System.Threading.Tasks.Sources.IValueTaskSource<TResult>.GetResult(Int16 token)
   at System.Net.Http.HttpConnection.SendAsync(HttpRequestMessage request, Boolean async, CancellationToken cancellationToken)
[2026-08-21 09:58:14Z ERR  BrokerServer] #####################################################
[2026-08-21 09:58:14Z ERR  BrokerServer] System.Net.Sockets.SocketException (995): The I/O operation has been aborted because of either a thread exit or an application request.
[2026-08-21 09:58:14Z WARN BrokerServer] Back off 9.727 seconds before next retry. 4 attempt left.
[2026-08-21 09:58:14Z INFO BrokerMessageListener] Get messages has been cancelled using local token source. Continue to get messages with new status.
[2026-08-21 10:03:21Z INFO BrokerMessageListener] Acknowledging runner request '3c87a878-dc4a-5fad-94a0-05f1274e1d8b'.
[2026-08-21 10:03:22Z INFO ConfigurationStore] HasCredentials()
[2026-08-21 10:03:22Z INFO ConfigurationStore] stored True
[2026-08-21 10:03:22Z INFO CredentialManager] GetCredentialProvider
[2026-08-21 10:03:22Z INFO CredentialManager] Creating type OAuth
[2026-08-21 10:03:22Z INFO CredentialManager] Creating credential type: OAuth
[2026-08-21 10:03:22Z INFO RSAEncryptedFileKeyManager] Loading RSA key parameters from file D:\Remote-Learning---LUMER\Remote-Learning-LUMER\actions-runner\.credentials_rsaparams
[2026-08-21 10:03:22Z INFO RSAEncryptedFileKeyManager] Loading RSA key parameters from file D:\Remote-Learning---LUMER\Remote-Learning-LUMER\actions-runner\.credentials_rsaparams
[2026-08-21 10:03:22Z INFO RSAEncryptedFileKeyManager] Loading RSA key parameters from file D:\Remote-Learning---LUMER\Remote-Learning-LUMER\actions-runner\.credentials_rsaparams
[2026-08-21 10:03:23Z INFO GitHubActionsService] AAD Correlation ID for this token request: Unknown
[2026-08-21 10:03:24Z INFO JobDispatcher] Job request 0 for plan 261087fe-f60a-4a36-b72a-c6ba1f217aec job 3c87a878-dc4a-5fad-94a0-05f1274e1d8b received.
[2026-08-21 10:03:24Z INFO JobDispatcher] Pull OrchestrationId 261087fe-f60a-4a36-b72a-c6ba1f217aec.deploy-k8s.__default from JWT claims
[2026-08-21 10:03:24Z INFO BrokerMessageListener] Received job status event. JobState: Busy
[2026-08-21 10:03:24Z INFO BrokerMessageListener] _getMessagesTokenSource is already disposed.
[2026-08-21 10:03:24Z INFO JobDispatcher] Job request af558182-3c4e-5a74-9b9b-a8c6223843b8 processed succeed.
[2026-08-21 10:03:24Z INFO Terminal] WRITE LINE: 2026-08-21 10:03:24Z: Running job: deploy-k8s
[2026-08-21 10:03:24Z INFO JobDispatcher] Start renew job request 0 for job 3c87a878-dc4a-5fad-94a0-05f1274e1d8b.
[2026-08-21 10:03:25Z INFO JobDispatcher] Successfully renew job 3c87a878-dc4a-5fad-94a0-05f1274e1d8b, job is valid till 21-08-2026 10:14:10
[2026-08-21 10:03:25Z INFO HostContext] Well known directory 'Bin': 'D:\Remote-Learning---LUMER\Remote-Learning-LUMER\actions-runner\bin'
[2026-08-21 10:03:25Z INFO ProcessInvokerWrapper] Starting process:
[2026-08-21 10:03:25Z INFO ProcessInvokerWrapper]   File name: 'D:\Remote-Learning---LUMER\Remote-Learning-LUMER\actions-runner\bin\Runner.Worker.exe'
[2026-08-21 10:03:25Z INFO ProcessInvokerWrapper]   Arguments: 'spawnclient 2216 1208'
[2026-08-21 10:03:25Z INFO ProcessInvokerWrapper]   Working directory: 'D:\Remote-Learning---LUMER\Remote-Learning-LUMER\actions-runner\bin'
[2026-08-21 10:03:25Z INFO ProcessInvokerWrapper]   Require exit code zero: 'False'
[2026-08-21 10:03:25Z INFO ProcessInvokerWrapper]   Encoding web name:  ; code page: ''
[2026-08-21 10:03:25Z INFO ProcessInvokerWrapper]   Force kill process on cancellation: 'True'
[2026-08-21 10:03:25Z INFO ProcessInvokerWrapper]   Redirected STDIN: 'False'
[2026-08-21 10:03:25Z INFO ProcessInvokerWrapper]   Persist current code page: 'False'
[2026-08-21 10:03:25Z INFO ProcessInvokerWrapper]   Keep redirected STDIN open: 'False'
[2026-08-21 10:03:25Z INFO ProcessInvokerWrapper]   High priority process: 'True'
[2026-08-21 10:03:25Z INFO ProcessInvokerWrapper] Process started with process id 23688, waiting for process exit.
[2026-08-21 10:03:25Z INFO JobDispatcher] Send job request message to worker for job 3c87a878-dc4a-5fad-94a0-05f1274e1d8b.
[2026-08-21 10:03:25Z INFO ProcessChannel] Sending message of length 22555, with hash 'a9b3ef7ebb366eb49afb3b6350783300e77e255acdb0290e39295d93502cd0e7'
[2026-08-21 10:03:25Z INFO JobNotification] Entering JobStarted Notification
[2026-08-21 10:03:25Z INFO JobNotification] Entering StartMonitor
[2026-08-21 10:04:01Z INFO ProcessInvokerWrapper] STDOUT/STDERR stream read finished.
[2026-08-21 10:04:01Z INFO ProcessInvokerWrapper] STDOUT/STDERR stream read finished.
[2026-08-21 10:04:01Z INFO ProcessInvokerWrapper] Finished process 23688 with exit code 100, and elapsed time 00:00:35.9175126.
[2026-08-21 10:04:01Z INFO JobDispatcher] Worker finished for job 3c87a878-dc4a-5fad-94a0-05f1274e1d8b. Code: 100
[2026-08-21 10:04:01Z INFO JobDispatcher] finish job request for job 3c87a878-dc4a-5fad-94a0-05f1274e1d8b with result: Succeeded
[2026-08-21 10:04:01Z INFO Terminal] WRITE LINE: 2026-08-21 10:04:01Z: Job deploy-k8s completed with result: Succeeded
[2026-08-21 10:04:01Z INFO JobDispatcher] Stop renew job request for job 3c87a878-dc4a-5fad-94a0-05f1274e1d8b.
[2026-08-21 10:04:01Z INFO JobDispatcher] job renew has been cancelled, stop renew job 3c87a878-dc4a-5fad-94a0-05f1274e1d8b.
[2026-08-21 10:04:01Z INFO JobNotification] Entering JobCompleted Notification
[2026-08-21 10:04:01Z INFO JobNotification] Entering EndMonitor
[2026-08-21 10:04:01Z INFO BrokerMessageListener] Received job status event. JobState: Online
[2026-08-21 10:04:01Z WARN GitHubActionsService] GET request to https://broker.actions.githubusercontent.com/message?sessionId=fcca16a4-59d8-410b-b0a5-74b9b2a05789&status=Busy&runnerVersion=2.336.0&os=Windows&architecture=X64&disableUpdate=false has been cancelled.
[2026-08-21 10:04:01Z ERR  BrokerServer] Catch exception during request
[2026-08-21 10:04:01Z ERR  BrokerServer] System.Threading.Tasks.TaskCanceledException: The operation was canceled.
 ---> System.Threading.Tasks.TaskCanceledException: The operation was canceled.
 ---> System.IO.IOException: Unable to read data from the transport connection: The I/O operation has been aborted because of either a thread exit or an application request..
 ---> System.Net.Sockets.SocketException (995): The I/O operation has been aborted because of either a thread exit or an application request.
   --- End of inner exception stack trace ---
   at System.Net.Sockets.Socket.AwaitableSocketAsyncEventArgs.ThrowException(SocketError error, CancellationToken cancellationToken)
   at System.Net.Sockets.Socket.AwaitableSocketAsyncEventArgs.System.Threading.Tasks.Sources.IValueTaskSource<System.Int32>.GetResult(Int16 token)
   at System.Net.Security.SslStream.EnsureFullTlsFrameAsync[TIOAdapter](CancellationToken cancellationToken, Int32 estimatedSize)
   at System.Runtime.CompilerServices.PoolingAsyncValueTaskMethodBuilder`1.StateMachineBox`1.System.Threading.Tasks.Sources.IValueTaskSource<TResult>.GetResult(Int16 token)
   at System.Net.Security.SslStream.ReadAsyncInternal[TIOAdapter](Memory`1 buffer, CancellationToken cancellationToken)
   at System.Runtime.CompilerServices.PoolingAsyncValueTaskMethodBuilder`1.StateMachineBox`1.System.Threading.Tasks.Sources.IValueTaskSource<TResult>.GetResult(Int16 token)
   at System.Net.Http.HttpConnection.SendAsync(HttpRequestMessage request, Boolean async, CancellationToken cancellationToken)
   --- End of inner exception stack trace ---
   at System.Net.Http.HttpConnection.SendAsync(HttpRequestMessage request, Boolean async, CancellationToken cancellationToken)
   at System.Net.Http.AuthenticationHelper.SendWithNtAuthAsync(HttpRequestMessage request, Uri authUri, Boolean async, ICredentials credentials, Boolean isProxyAuth, HttpConnection connection, HttpConnectionPool connectionPool, CancellationToken cancellationToken)
   at System.Net.Http.HttpConnectionPool.SendWithVersionDetectionAndRetryAsync(HttpRequestMessage request, Boolean async, Boolean doRequestAuth, CancellationToken cancellationToken)
   at System.Net.Http.AuthenticationHelper.SendWithAuthAsync(HttpRequestMessage request, Uri authUri, Boolean async, ICredentials credentials, Boolean preAuthenticate, Boolean isProxyAuth, Boolean doRequestAuth, HttpConnectionPool pool, CancellationToken cancellationToken)
   at System.Net.Http.RedirectHandler.SendAsync(HttpRequestMessage request, Boolean async, CancellationToken cancellationToken)
   at GitHub.Services.Common.RawHttpMessageHandler.SendAsync(HttpRequestMessage request, CancellationToken cancellationToken)
   at GitHub.Services.Common.VssHttpRetryMessageHandler.SendAsync(HttpRequestMessage request, CancellationToken cancellationToken)
   at System.Net.Http.HttpClient.<SendAsync>g__Core|83_0(HttpRequestMessage request, HttpCompletionOption completionOption, CancellationTokenSource cts, Boolean disposeCts, CancellationTokenSource pendingRequestsCts, CancellationToken originalCancellationToken)
   --- End of inner exception stack trace ---
   at System.Net.Http.HttpClient.HandleFailure(Exception e, Boolean telemetryStarted, HttpResponseMessage response, CancellationTokenSource cts, CancellationToken cancellationToken, CancellationTokenSource pendingRequestsCts)
   at System.Net.Http.HttpClient.<SendAsync>g__Core|83_0(HttpRequestMessage request, HttpCompletionOption completionOption, CancellationTokenSource cts, Boolean disposeCts, CancellationTokenSource pendingRequestsCts, CancellationToken originalCancellationToken)
   at Sdk.WebApi.WebApi.RawHttpClientBase.SendAsync(HttpRequestMessage message, HttpCompletionOption completionOption, Object userState, CancellationToken cancellationToken)
   at Sdk.WebApi.WebApi.RawHttpClientBase.SendAsync[T](HttpRequestMessage message, Boolean readErrorBody, Object userState, CancellationToken cancellationToken)
   at Sdk.WebApi.WebApi.RawHttpClientBase.SendAsync[T](HttpMethod method, IEnumerable`1 additionalHeaders, Uri requestUri, HttpContent content, IEnumerable`1 queryParameters, Boolean readErrorBody, Object userState, CancellationToken cancellationToken)
   at GitHub.Actions.RunService.WebApi.BrokerHttpClient.GetRunnerMessageAsync(Nullable`1 sessionId, String runnerVersion, Nullable`1 status, String os, String architecture, Nullable`1 disableUpdate, CancellationToken cancellationToken)
   at GitHub.Runner.Common.BrokerServer.<>c__DisplayClass7_0.<<GetRunnerMessageAsync>b__0>d.MoveNext()
--- End of stack trace from previous location ---
   at GitHub.Runner.Common.RunnerService.RetryRequest[T](Func`1 func, CancellationToken cancellationToken, Int32 maxAttempts, Func`2 shouldRetry)
[2026-08-21 10:04:01Z ERR  BrokerServer] #####################################################
[2026-08-21 10:04:01Z ERR  BrokerServer] System.Threading.Tasks.TaskCanceledException: The operation was canceled.
 ---> System.IO.IOException: Unable to read data from the transport connection: The I/O operation has been aborted because of either a thread exit or an application request..
 ---> System.Net.Sockets.SocketException (995): The I/O operation has been aborted because of either a thread exit or an application request.
   --- End of inner exception stack trace ---
   at System.Net.Sockets.Socket.AwaitableSocketAsyncEventArgs.ThrowException(SocketError error, CancellationToken cancellationToken)
   at System.Net.Sockets.Socket.AwaitableSocketAsyncEventArgs.System.Threading.Tasks.Sources.IValueTaskSource<System.Int32>.GetResult(Int16 token)
   at System.Net.Security.SslStream.EnsureFullTlsFrameAsync[TIOAdapter](CancellationToken cancellationToken, Int32 estimatedSize)
   at System.Runtime.CompilerServices.PoolingAsyncValueTaskMethodBuilder`1.StateMachineBox`1.System.Threading.Tasks.Sources.IValueTaskSource<TResult>.GetResult(Int16 token)
   at System.Net.Security.SslStream.ReadAsyncInternal[TIOAdapter](Memory`1 buffer, CancellationToken cancellationToken)
   at System.Runtime.CompilerServices.PoolingAsyncValueTaskMethodBuilder`1.StateMachineBox`1.System.Threading.Tasks.Sources.IValueTaskSource<TResult>.GetResult(Int16 token)
   at System.Net.Http.HttpConnection.SendAsync(HttpRequestMessage request, Boolean async, CancellationToken cancellationToken)
   --- End of inner exception stack trace ---
   at System.Net.Http.HttpConnection.SendAsync(HttpRequestMessage request, Boolean async, CancellationToken cancellationToken)
   at System.Net.Http.AuthenticationHelper.SendWithNtAuthAsync(HttpRequestMessage request, Uri authUri, Boolean async, ICredentials credentials, Boolean isProxyAuth, HttpConnection connection, HttpConnectionPool connectionPool, CancellationToken cancellationToken)
   at System.Net.Http.HttpConnectionPool.SendWithVersionDetectionAndRetryAsync(HttpRequestMessage request, Boolean async, Boolean doRequestAuth, CancellationToken cancellationToken)
   at System.Net.Http.AuthenticationHelper.SendWithAuthAsync(HttpRequestMessage request, Uri authUri, Boolean async, ICredentials credentials, Boolean preAuthenticate, Boolean isProxyAuth, Boolean doRequestAuth, HttpConnectionPool pool, CancellationToken cancellationToken)
   at System.Net.Http.RedirectHandler.SendAsync(HttpRequestMessage request, Boolean async, CancellationToken cancellationToken)
   at GitHub.Services.Common.RawHttpMessageHandler.SendAsync(HttpRequestMessage request, CancellationToken cancellationToken)
   at GitHub.Services.Common.VssHttpRetryMessageHandler.SendAsync(HttpRequestMessage request, CancellationToken cancellationToken)
   at System.Net.Http.HttpClient.<SendAsync>g__Core|83_0(HttpRequestMessage request, HttpCompletionOption completionOption, CancellationTokenSource cts, Boolean disposeCts, CancellationTokenSource pendingRequestsCts, CancellationToken originalCancellationToken)
[2026-08-21 10:04:01Z ERR  BrokerServer] #####################################################
[2026-08-21 10:04:01Z ERR  BrokerServer] System.IO.IOException: Unable to read data from the transport connection: The I/O operation has been aborted because of either a thread exit or an application request..
 ---> System.Net.Sockets.SocketException (995): The I/O operation has been aborted because of either a thread exit or an application request.
   --- End of inner exception stack trace ---
   at System.Net.Sockets.Socket.AwaitableSocketAsyncEventArgs.ThrowException(SocketError error, CancellationToken cancellationToken)
   at System.Net.Sockets.Socket.AwaitableSocketAsyncEventArgs.System.Threading.Tasks.Sources.IValueTaskSource<System.Int32>.GetResult(Int16 token)
   at System.Net.Security.SslStream.EnsureFullTlsFrameAsync[TIOAdapter](CancellationToken cancellationToken, Int32 estimatedSize)
   at System.Runtime.CompilerServices.PoolingAsyncValueTaskMethodBuilder`1.StateMachineBox`1.System.Threading.Tasks.Sources.IValueTaskSource<TResult>.GetResult(Int16 token)
   at System.Net.Security.SslStream.ReadAsyncInternal[TIOAdapter](Memory`1 buffer, CancellationToken cancellationToken)
   at System.Runtime.CompilerServices.PoolingAsyncValueTaskMethodBuilder`1.StateMachineBox`1.System.Threading.Tasks.Sources.IValueTaskSource<TResult>.GetResult(Int16 token)
   at System.Net.Http.HttpConnection.SendAsync(HttpRequestMessage request, Boolean async, CancellationToken cancellationToken)
[2026-08-21 10:04:01Z ERR  BrokerServer] #####################################################
[2026-08-21 10:04:01Z ERR  BrokerServer] System.Net.Sockets.SocketException (995): The I/O operation has been aborted because of either a thread exit or an application request.
[2026-08-21 10:04:01Z WARN BrokerServer] Back off 14.58 seconds before next retry. 4 attempt left.
[2026-08-21 10:04:01Z INFO BrokerMessageListener] Get messages has been cancelled using local token source. Continue to get messages with new status.
[2026-08-21 10:18:17Z INFO RSAEncryptedFileKeyManager] Loading RSA key parameters from file D:\Remote-Learning---LUMER\Remote-Learning-LUMER\actions-runner\.credentials_rsaparams
[2026-08-21 10:18:18Z INFO GitHubActionsService] AAD Correlation ID for this token request: Unknown
[2026-08-21 11:04:40Z INFO BrokerMessageListener] Acknowledging runner request '971200fa-0ed2-549c-b0ee-f59b69301b99'.
[2026-08-21 11:04:41Z INFO ConfigurationStore] HasCredentials()
[2026-08-21 11:04:41Z INFO ConfigurationStore] stored True
[2026-08-21 11:04:41Z INFO CredentialManager] GetCredentialProvider
[2026-08-21 11:04:41Z INFO CredentialManager] Creating type OAuth
[2026-08-21 11:04:41Z INFO CredentialManager] Creating credential type: OAuth
[2026-08-21 11:04:41Z INFO RSAEncryptedFileKeyManager] Loading RSA key parameters from file D:\Remote-Learning---LUMER\Remote-Learning-LUMER\actions-runner\.credentials_rsaparams
[2026-08-21 11:04:41Z INFO RSAEncryptedFileKeyManager] Loading RSA key parameters from file D:\Remote-Learning---LUMER\Remote-Learning-LUMER\actions-runner\.credentials_rsaparams
[2026-08-21 11:04:41Z INFO RSAEncryptedFileKeyManager] Loading RSA key parameters from file D:\Remote-Learning---LUMER\Remote-Learning-LUMER\actions-runner\.credentials_rsaparams
[2026-08-21 11:04:42Z INFO GitHubActionsService] AAD Correlation ID for this token request: Unknown
[2026-08-21 11:04:43Z INFO JobDispatcher] Job request 0 for plan 7b2175b3-b425-4aee-8ff1-896a28b429ea job 971200fa-0ed2-549c-b0ee-f59b69301b99 received.
[2026-08-21 11:04:43Z INFO JobDispatcher] Pull OrchestrationId 7b2175b3-b425-4aee-8ff1-896a28b429ea.deploy-k8s.__default from JWT claims
[2026-08-21 11:04:43Z INFO BrokerMessageListener] Received job status event. JobState: Busy
[2026-08-21 11:04:43Z INFO BrokerMessageListener] _getMessagesTokenSource is already disposed.
[2026-08-21 11:04:43Z INFO JobDispatcher] Job request 3c87a878-dc4a-5fad-94a0-05f1274e1d8b processed succeed.
[2026-08-21 11:04:43Z INFO Terminal] WRITE LINE: 2026-08-21 11:04:43Z: Running job: deploy-k8s
[2026-08-21 11:04:43Z INFO JobDispatcher] Start renew job request 0 for job 971200fa-0ed2-549c-b0ee-f59b69301b99.
[2026-08-21 11:04:44Z INFO JobDispatcher] Successfully renew job 971200fa-0ed2-549c-b0ee-f59b69301b99, job is valid till 21-08-2026 11:15:29
[2026-08-21 11:04:44Z INFO HostContext] Well known directory 'Bin': 'D:\Remote-Learning---LUMER\Remote-Learning-LUMER\actions-runner\bin'
[2026-08-21 11:04:44Z INFO ProcessInvokerWrapper] Starting process:
[2026-08-21 11:04:44Z INFO ProcessInvokerWrapper]   File name: 'D:\Remote-Learning---LUMER\Remote-Learning-LUMER\actions-runner\bin\Runner.Worker.exe'
[2026-08-21 11:04:44Z INFO ProcessInvokerWrapper]   Arguments: 'spawnclient 1580 1588'
[2026-08-21 11:04:44Z INFO ProcessInvokerWrapper]   Working directory: 'D:\Remote-Learning---LUMER\Remote-Learning-LUMER\actions-runner\bin'
[2026-08-21 11:04:44Z INFO ProcessInvokerWrapper]   Require exit code zero: 'False'
[2026-08-21 11:04:44Z INFO ProcessInvokerWrapper]   Encoding web name:  ; code page: ''
[2026-08-21 11:04:44Z INFO ProcessInvokerWrapper]   Force kill process on cancellation: 'True'
[2026-08-21 11:04:44Z INFO ProcessInvokerWrapper]   Redirected STDIN: 'False'
[2026-08-21 11:04:44Z INFO ProcessInvokerWrapper]   Persist current code page: 'False'
[2026-08-21 11:04:44Z INFO ProcessInvokerWrapper]   Keep redirected STDIN open: 'False'
[2026-08-21 11:04:44Z INFO ProcessInvokerWrapper]   High priority process: 'True'
[2026-08-21 11:04:44Z INFO ProcessInvokerWrapper] Process started with process id 19344, waiting for process exit.
[2026-08-21 11:04:44Z INFO JobDispatcher] Send job request message to worker for job 971200fa-0ed2-549c-b0ee-f59b69301b99.
[2026-08-21 11:04:44Z INFO ProcessChannel] Sending message of length 22598, with hash '851c57b6d7ae4a6fab6b0061a798657249e73d4205356be7c46ff84402c1a767'
[2026-08-21 11:04:44Z INFO JobNotification] Entering JobStarted Notification
[2026-08-21 11:04:44Z INFO JobNotification] Entering StartMonitor
[2026-08-21 11:05:21Z INFO ProcessInvokerWrapper] STDOUT/STDERR stream read finished.
[2026-08-21 11:05:21Z INFO ProcessInvokerWrapper] STDOUT/STDERR stream read finished.
[2026-08-21 11:05:21Z INFO ProcessInvokerWrapper] Finished process 19344 with exit code 100, and elapsed time 00:00:36.5794251.
[2026-08-21 11:05:21Z INFO JobDispatcher] Worker finished for job 971200fa-0ed2-549c-b0ee-f59b69301b99. Code: 100
[2026-08-21 11:05:21Z INFO JobDispatcher] finish job request for job 971200fa-0ed2-549c-b0ee-f59b69301b99 with result: Succeeded
[2026-08-21 11:05:21Z INFO Terminal] WRITE LINE: 2026-08-21 11:05:21Z: Job deploy-k8s completed with result: Succeeded
[2026-08-21 11:05:21Z INFO JobDispatcher] Stop renew job request for job 971200fa-0ed2-549c-b0ee-f59b69301b99.
[2026-08-21 11:05:21Z INFO JobDispatcher] job renew has been cancelled, stop renew job 971200fa-0ed2-549c-b0ee-f59b69301b99.
[2026-08-21 11:05:21Z INFO JobNotification] Entering JobCompleted Notification
[2026-08-21 11:05:21Z INFO JobNotification] Entering EndMonitor
[2026-08-21 11:05:21Z INFO BrokerMessageListener] Received job status event. JobState: Online
[2026-08-21 11:05:21Z WARN GitHubActionsService] GET request to https://broker.actions.githubusercontent.com/message?sessionId=fcca16a4-59d8-410b-b0a5-74b9b2a05789&status=Busy&runnerVersion=2.336.0&os=Windows&architecture=X64&disableUpdate=false has been cancelled.
[2026-08-21 11:05:21Z ERR  BrokerServer] Catch exception during request
[2026-08-21 11:05:21Z ERR  BrokerServer] System.Threading.Tasks.TaskCanceledException: The operation was canceled.
 ---> System.Threading.Tasks.TaskCanceledException: The operation was canceled.
 ---> System.IO.IOException: Unable to read data from the transport connection: The I/O operation has been aborted because of either a thread exit or an application request..
 ---> System.Net.Sockets.SocketException (995): The I/O operation has been aborted because of either a thread exit or an application request.
   --- End of inner exception stack trace ---
   at System.Net.Sockets.Socket.AwaitableSocketAsyncEventArgs.ThrowException(SocketError error, CancellationToken cancellationToken)
   at System.Net.Sockets.Socket.AwaitableSocketAsyncEventArgs.System.Threading.Tasks.Sources.IValueTaskSource<System.Int32>.GetResult(Int16 token)
   at System.Net.Security.SslStream.EnsureFullTlsFrameAsync[TIOAdapter](CancellationToken cancellationToken, Int32 estimatedSize)
   at System.Runtime.CompilerServices.PoolingAsyncValueTaskMethodBuilder`1.StateMachineBox`1.System.Threading.Tasks.Sources.IValueTaskSource<TResult>.GetResult(Int16 token)
   at System.Net.Security.SslStream.ReadAsyncInternal[TIOAdapter](Memory`1 buffer, CancellationToken cancellationToken)
   at System.Runtime.CompilerServices.PoolingAsyncValueTaskMethodBuilder`1.StateMachineBox`1.System.Threading.Tasks.Sources.IValueTaskSource<TResult>.GetResult(Int16 token)
   at System.Net.Http.HttpConnection.SendAsync(HttpRequestMessage request, Boolean async, CancellationToken cancellationToken)
   --- End of inner exception stack trace ---
   at System.Net.Http.HttpConnection.SendAsync(HttpRequestMessage request, Boolean async, CancellationToken cancellationToken)
   at System.Net.Http.AuthenticationHelper.SendWithNtAuthAsync(HttpRequestMessage request, Uri authUri, Boolean async, ICredentials credentials, Boolean isProxyAuth, HttpConnection connection, HttpConnectionPool connectionPool, CancellationToken cancellationToken)
   at System.Net.Http.HttpConnectionPool.SendWithVersionDetectionAndRetryAsync(HttpRequestMessage request, Boolean async, Boolean doRequestAuth, CancellationToken cancellationToken)
   at System.Net.Http.AuthenticationHelper.SendWithAuthAsync(HttpRequestMessage request, Uri authUri, Boolean async, ICredentials credentials, Boolean preAuthenticate, Boolean isProxyAuth, Boolean doRequestAuth, HttpConnectionPool pool, CancellationToken cancellationToken)
   at System.Net.Http.RedirectHandler.SendAsync(HttpRequestMessage request, Boolean async, CancellationToken cancellationToken)
   at GitHub.Services.Common.RawHttpMessageHandler.SendAsync(HttpRequestMessage request, CancellationToken cancellationToken)
   at GitHub.Services.Common.VssHttpRetryMessageHandler.SendAsync(HttpRequestMessage request, CancellationToken cancellationToken)
   at System.Net.Http.HttpClient.<SendAsync>g__Core|83_0(HttpRequestMessage request, HttpCompletionOption completionOption, CancellationTokenSource cts, Boolean disposeCts, CancellationTokenSource pendingRequestsCts, CancellationToken originalCancellationToken)
   --- End of inner exception stack trace ---
   at System.Net.Http.HttpClient.HandleFailure(Exception e, Boolean telemetryStarted, HttpResponseMessage response, CancellationTokenSource cts, CancellationToken cancellationToken, CancellationTokenSource pendingRequestsCts)
   at System.Net.Http.HttpClient.<SendAsync>g__Core|83_0(HttpRequestMessage request, HttpCompletionOption completionOption, CancellationTokenSource cts, Boolean disposeCts, CancellationTokenSource pendingRequestsCts, CancellationToken originalCancellationToken)
   at Sdk.WebApi.WebApi.RawHttpClientBase.SendAsync(HttpRequestMessage message, HttpCompletionOption completionOption, Object userState, CancellationToken cancellationToken)
   at Sdk.WebApi.WebApi.RawHttpClientBase.SendAsync[T](HttpRequestMessage message, Boolean readErrorBody, Object userState, CancellationToken cancellationToken)
   at Sdk.WebApi.WebApi.RawHttpClientBase.SendAsync[T](HttpMethod method, IEnumerable`1 additionalHeaders, Uri requestUri, HttpContent content, IEnumerable`1 queryParameters, Boolean readErrorBody, Object userState, CancellationToken cancellationToken)
   at GitHub.Actions.RunService.WebApi.BrokerHttpClient.GetRunnerMessageAsync(Nullable`1 sessionId, String runnerVersion, Nullable`1 status, String os, String architecture, Nullable`1 disableUpdate, CancellationToken cancellationToken)
   at GitHub.Runner.Common.BrokerServer.<>c__DisplayClass7_0.<<GetRunnerMessageAsync>b__0>d.MoveNext()
--- End of stack trace from previous location ---
   at GitHub.Runner.Common.RunnerService.RetryRequest[T](Func`1 func, CancellationToken cancellationToken, Int32 maxAttempts, Func`2 shouldRetry)
[2026-08-21 11:05:21Z ERR  BrokerServer] #####################################################
[2026-08-21 11:05:21Z ERR  BrokerServer] System.Threading.Tasks.TaskCanceledException: The operation was canceled.
 ---> System.IO.IOException: Unable to read data from the transport connection: The I/O operation has been aborted because of either a thread exit or an application request..
 ---> System.Net.Sockets.SocketException (995): The I/O operation has been aborted because of either a thread exit or an application request.
   --- End of inner exception stack trace ---
   at System.Net.Sockets.Socket.AwaitableSocketAsyncEventArgs.ThrowException(SocketError error, CancellationToken cancellationToken)
   at System.Net.Sockets.Socket.AwaitableSocketAsyncEventArgs.System.Threading.Tasks.Sources.IValueTaskSource<System.Int32>.GetResult(Int16 token)
   at System.Net.Security.SslStream.EnsureFullTlsFrameAsync[TIOAdapter](CancellationToken cancellationToken, Int32 estimatedSize)
   at System.Runtime.CompilerServices.PoolingAsyncValueTaskMethodBuilder`1.StateMachineBox`1.System.Threading.Tasks.Sources.IValueTaskSource<TResult>.GetResult(Int16 token)
   at System.Net.Security.SslStream.ReadAsyncInternal[TIOAdapter](Memory`1 buffer, CancellationToken cancellationToken)
   at System.Runtime.CompilerServices.PoolingAsyncValueTaskMethodBuilder`1.StateMachineBox`1.System.Threading.Tasks.Sources.IValueTaskSource<TResult>.GetResult(Int16 token)
   at System.Net.Http.HttpConnection.SendAsync(HttpRequestMessage request, Boolean async, CancellationToken cancellationToken)
   --- End of inner exception stack trace ---
   at System.Net.Http.HttpConnection.SendAsync(HttpRequestMessage request, Boolean async, CancellationToken cancellationToken)
   at System.Net.Http.AuthenticationHelper.SendWithNtAuthAsync(HttpRequestMessage request, Uri authUri, Boolean async, ICredentials credentials, Boolean isProxyAuth, HttpConnection connection, HttpConnectionPool connectionPool, CancellationToken cancellationToken)
   at System.Net.Http.HttpConnectionPool.SendWithVersionDetectionAndRetryAsync(HttpRequestMessage request, Boolean async, Boolean doRequestAuth, CancellationToken cancellationToken)
   at System.Net.Http.AuthenticationHelper.SendWithAuthAsync(HttpRequestMessage request, Uri authUri, Boolean async, ICredentials credentials, Boolean preAuthenticate, Boolean isProxyAuth, Boolean doRequestAuth, HttpConnectionPool pool, CancellationToken cancellationToken)
   at System.Net.Http.RedirectHandler.SendAsync(HttpRequestMessage request, Boolean async, CancellationToken cancellationToken)
   at GitHub.Services.Common.RawHttpMessageHandler.SendAsync(HttpRequestMessage request, CancellationToken cancellationToken)
   at GitHub.Services.Common.VssHttpRetryMessageHandler.SendAsync(HttpRequestMessage request, CancellationToken cancellationToken)
   at System.Net.Http.HttpClient.<SendAsync>g__Core|83_0(HttpRequestMessage request, HttpCompletionOption completionOption, CancellationTokenSource cts, Boolean disposeCts, CancellationTokenSource pendingRequestsCts, CancellationToken originalCancellationToken)
[2026-08-21 11:05:21Z ERR  BrokerServer] #####################################################
[2026-08-21 11:05:21Z ERR  BrokerServer] System.IO.IOException: Unable to read data from the transport connection: The I/O operation has been aborted because of either a thread exit or an application request..
 ---> System.Net.Sockets.SocketException (995): The I/O operation has been aborted because of either a thread exit or an application request.
   --- End of inner exception stack trace ---
   at System.Net.Sockets.Socket.AwaitableSocketAsyncEventArgs.ThrowException(SocketError error, CancellationToken cancellationToken)
   at System.Net.Sockets.Socket.AwaitableSocketAsyncEventArgs.System.Threading.Tasks.Sources.IValueTaskSource<System.Int32>.GetResult(Int16 token)
   at System.Net.Security.SslStream.EnsureFullTlsFrameAsync[TIOAdapter](CancellationToken cancellationToken, Int32 estimatedSize)
   at System.Runtime.CompilerServices.PoolingAsyncValueTaskMethodBuilder`1.StateMachineBox`1.System.Threading.Tasks.Sources.IValueTaskSource<TResult>.GetResult(Int16 token)
   at System.Net.Security.SslStream.ReadAsyncInternal[TIOAdapter](Memory`1 buffer, CancellationToken cancellationToken)
   at System.Runtime.CompilerServices.PoolingAsyncValueTaskMethodBuilder`1.StateMachineBox`1.System.Threading.Tasks.Sources.IValueTaskSource<TResult>.GetResult(Int16 token)
   at System.Net.Http.HttpConnection.SendAsync(HttpRequestMessage request, Boolean async, CancellationToken cancellationToken)
[2026-08-21 11:05:21Z ERR  BrokerServer] #####################################################
[2026-08-21 11:05:21Z ERR  BrokerServer] System.Net.Sockets.SocketException (995): The I/O operation has been aborted because of either a thread exit or an application request.
[2026-08-21 11:05:21Z WARN BrokerServer] Back off 5.75 seconds before next retry. 4 attempt left.
[2026-08-21 11:05:21Z INFO BrokerMessageListener] Get messages has been cancelled using local token source. Continue to get messages with new status.
[2026-08-21 11:08:43Z INFO RSAEncryptedFileKeyManager] Loading RSA key parameters from file D:\Remote-Learning---LUMER\Remote-Learning-LUMER\actions-runner\.credentials_rsaparams
[2026-08-21 11:08:44Z INFO GitHubActionsService] AAD Correlation ID for this token request: Unknown
[2026-08-21 11:59:05Z INFO RSAEncryptedFileKeyManager] Loading RSA key parameters from file D:\Remote-Learning---LUMER\Remote-Learning-LUMER\actions-runner\.credentials_rsaparams
[2026-08-21 11:59:06Z INFO GitHubActionsService] AAD Correlation ID for this token request: Unknown
